C:\AcuSamples\Spell Checker\Source\SpellChecker.cbl Mon Jun 12 13:55:27 2017  ACUCOBOL-GT v10.1.1 Alpha (2017-06-08)  Page: 0001
"C:\Program Files (x86)\Micro Focus\extend 10.1.1\AcuGT\bin\ccbl32.exe" -ox .\object\@.acu -Lof .\list\@.lst -Sa -Ga "C:\AcuSamples\Spell Checker\Source\SpellChecker.cbl"
COPYPATH: C:\AcuSamples\Spell Checker\Screen;C:\AcuSamples\Spell Checker\Copylib;C:\AcuSamples\Spell Checker\Report;C:\AcuSamples\Spell Checker\Resource;C:\AcuSamples\Spell Checker\FD;C:\Users\Public\Documents\Micro Focus\extend 10.1.1\sample\def;C:\Users\Public\Documents\Micro Focus\extend 10.1.1\sample\report\data;(null)


      *{Bench}prg-comment
      * SpellChecker.cbl
      * SpellChecker.cbl is generated from C:\AcuSamples\Spell Checker\SpellChecker.Psf
      *{Bench}end
       IDENTIFICATION              DIVISION.
      *{Bench}prgid
       PROGRAM-ID. SpellChecker.
       AUTHOR. mturner.
       DATE-WRITTEN. 12 June 2017 13:55:27.
       REMARKS.
      *{Bench}end
       ENVIRONMENT                 DIVISION.
       CONFIGURATION               SECTION.
       SPECIAL-NAMES.
      *{Bench}activex-def
       COPY "SpellChecker.def".
      >>IMP(ACU-CBLFLAGS=-Sa)
      * C:\AcuSamples\Spell Checker\Copylib\SpellChecker.def - ActiveX control
      * This is a 32-bit control
      * Generated by axdefgen version 10.1.1 Alpha (2017-06-08)
      * Generated: Monday, June 12, 2017
      * Typelib..: C:\Program Files (x86)\Polar SpellChecker Component

           OBJECT @SPELLCHECKERLib

      * Dispatch interface for POLAR SpellChecker Control

      * _DSpellChecker
           CLASS @_DSpellChecker
               CLSID 9E3C8245-FB0C-11D1-AA5E-008048E292F1
               NAME "_DSpellChecker"
               LICENSE-KEY "Copyright (c) 1998 POLAR"
      *[Class: @_DSpellChecker] OpenDictionary
      * Opens main and custom dictionary
               METHOD, 2001, @OpenDictionary,
                   "BSTR" @pszMainDictFileName, TYPE 8,
                   "BSTR" @pszCustomDictFileName, TYPE 8
                       RETURNING "boolean", TYPE 11
      *[Class: @_DSpellChecker] CloseDictionary
      * Closes active dictionary and frees memory
               METHOD, 2002, @CloseDictionary
      *[Class: @_DSpellChecker] Reset
      * Resets opened dictionary (deletes Ignore All, Change All,... buffers
               METHOD, 2014, @Reset
                       RETURNING "boolean", TYPE 11
      *[Class: @_DSpellChecker] CheckText
      * Checks spelling in a string
               METHOD, 2013, @CheckText,
                   "BSTR" @pszText, TYPE 8,
                   "short*" @nExitStatus, TYPE 16386
                       RETURNING "BSTR", TYPE 8
      *[Class: @_DSpellChecker] CheckTextVBS
      * Checks spelling in a string
               METHOD, 2015, @CheckTextVBS,
                   "BSTR" @pszText, TYPE 8

C:\AcuSamples\Spell Checker\Source\SpellChecker.cbl Mon Jun 12 13:55:27 2017  ACUCOBOL-GT v10.1.1 Alpha (2017-06-08)  Page: 0002


                       RETURNING "BSTR", TYPE 8
      *[Class: @_DSpellChecker] IsWordExist
      * Returns TRUE if word exists in currently opened dictionary
               METHOD, 2003, @IsWordExist,
                   "BSTR" @pszWord, TYPE 8
                       RETURNING "boolean", TYPE 11
      *[Class: @_DSpellChecker] AddToChangeAll
      * Adds new word to custom dictionary
               METHOD, 2004, @AddToChangeAll,
                   "BSTR" @pszFind, TYPE 8,
                   "BSTR" @pszReplace, TYPE 8
      *[Class: @_DSpellChecker] IsCharAlpha
      * Returns TRUE if the character is alphabetic
               METHOD, 2005, @IsCharAlpha,
                   "short" @ch, TYPE 2
                       RETURNING "boolean", TYPE 11
      *[Class: @_DSpellChecker] IsCharLower
      * Returns TRUE if the character is lowercase
               METHOD, 2006, @IsCharLower,
                   "short" @ch, TYPE 2
                       RETURNING "boolean", TYPE 11
      *[Class: @_DSpellChecker] IsCharUpper
      * Returns TRUE if the character is upercase
               METHOD, 2007, @IsCharUpper,
                   "short" @ch, TYPE 2
                       RETURNING "boolean", TYPE 11
      *[Class: @_DSpellChecker] GetReplacement
      * Returns replacement for word that was added using AddToChangeAll method
               METHOD, 2008, @GetReplacement,
                   "BSTR" @pszWord, TYPE 8
                       RETURNING "BSTR", TYPE 8
      *[Class: @_DSpellChecker] GetSuggestion
      * Returns suggestions for word
               METHOD, 2009, @GetSuggestion,
                   "BSTR" @pszWord, TYPE 8,
                   "short" @nSuggestionIndex, TYPE 2
                       RETURNING "BSTR", TYPE 8
      *[Class: @_DSpellChecker] AddWord
      * Adds a word to the custom dictionary
               METHOD, 2010, @AddWord,
                   "BSTR" @pszNewWord, TYPE 8
      *[Class: @_DSpellChecker] AddToIgnoreAll
      * Adds a word to ignore all list
               METHOD, 2011, @AddToIgnoreAll,
                   "BSTR" @pszWord, TYPE 8
      *[Class: @_DSpellChecker] GetLanguageName
      * Returns language name
               METHOD, 2012, @GetLanguageName,
                   "BSTR" @pszDictFileName, TYPE 8
                       RETURNING "BSTR", TYPE 8
      *[Class: @_DSpellChecker] DownloadDictionaries
      * Downloads new dictionaries from Internet, Intranet or LAN
               METHOD, 2016, @DownloadDictionaries,
                   "BSTR" @pszDownloadURL, TYPE 8,
                   "BSTR" @pszInstallDir, TYPE 8
                       RETURNING "boolean", TYPE 11
      *[Class: @_DSpellChecker] OptionsDlg

C:\AcuSamples\Spell Checker\Source\SpellChecker.cbl Mon Jun 12 13:55:27 2017  ACUCOBOL-GT v10.1.1 Alpha (2017-06-08)  Page: 0003


      * Displays spell checker options dialog box
               METHOD, 2017, @OptionsDlg,
                   "BSTR" @pszDictionaryDir, TYPE 8,
                   "BSTR*" @pbstrCustomDicFileName, TYPE 16392,
                   "BSTR*" @pbstrCurDicFileName, TYPE 16392,
                   "BSTR" @pszDownloadURL, TYPE 8,
                   "boolean" @bInternetSupport, TYPE 11
                       RETURNING "boolean", TYPE 11
      *[Class: @_DSpellChecker] AboutBox
               METHOD, -552, @AboutBox
      *[Class: @_DSpellChecker] Delphi
               PROPERTY-GET, 1001, @Delphi
                       RETURNING "boolean", TYPE 11
      *[Class: @_DSpellChecker] Delphi
               PROPERTY-PUT, 1001, @Delphi,
                   "boolean (Property_Value)", TYPE 11
      *[Class: @_DSpellChecker] AlwaysSuggest
      * Displays a list of suggested corrections for each unmatched word when
               PROPERTY-GET, 1002, @AlwaysSuggest
                       RETURNING "boolean", TYPE 11
      *[Class: @_DSpellChecker] AlwaysSuggest
      * Displays a list of suggested corrections for each unmatched word when
               PROPERTY-PUT, 1002, @AlwaysSuggest,
                   "boolean (Property_Value)", TYPE 11
      *[Class: @_DSpellChecker] IgnoreWordsWithNumbers
      * Ignore words that contain numbers
               PROPERTY-GET, 1003, @IgnoreWordsWithNumbers
                       RETURNING "boolean", TYPE 11
      *[Class: @_DSpellChecker] IgnoreWordsWithNumbers
      * Ignore words that contain numbers
               PROPERTY-PUT, 1003, @IgnoreWordsWithNumbers,
                   "boolean (Property_Value)", TYPE 11
      *[Class: @_DSpellChecker] IgnoreWordsInUppercase
      * Ignore words in which each character is an uppercase letter
               PROPERTY-GET, 1004, @IgnoreWordsInUppercase
                       RETURNING "boolean", TYPE 11
      *[Class: @_DSpellChecker] IgnoreWordsInUppercase
      * Ignore words in which each character is an uppercase letter
               PROPERTY-PUT, 1004, @IgnoreWordsInUppercase,
                   "boolean (Property_Value)", TYPE 11

      * Event interface for POLAR SpellChecker Control

      * _DSpellCheckerEvents
           CLASS @_DSpellCheckerEvents
               CLSID 9E3C8246-FB0C-11D1-AA5E-008048E292F1
               NAME "_DSpellCheckerEvents"
               LICENSE-KEY "Copyright (c) 1998 POLAR"

      * POLAR SpellChecker Control

      *** Primary Interface ***

      * SpellChecker
           CLASS @SpellChecker
               CLSID 9E3C8247-FB0C-11D1-AA5E-008048E292F1
               NAME "SpellChecker"

C:\AcuSamples\Spell Checker\Source\SpellChecker.cbl Mon Jun 12 13:55:27 2017  ACUCOBOL-GT v10.1.1 Alpha (2017-06-08)  Page: 0004


               PRIMARY-INTERFACE
               ACTIVE-X-CONTROL
               LICENSE-KEY "Copyright (c) 1998 POLAR"
               DEFAULT-INTERFACE "_DSpellChecker"
               DEFAULT-SOURCE "9E3C8246-FB0C-11D1-AA5E-008048E292F1"
      *[Class: @SpellChecker] OpenDictionary
      * Opens main and custom dictionary
               METHOD, 2001, @OpenDictionary,
                   "BSTR" @pszMainDictFileName, TYPE 8,
                   "BSTR" @pszCustomDictFileName, TYPE 8
                       RETURNING "boolean", TYPE 11
      *[Class: @SpellChecker] CloseDictionary
      * Closes active dictionary and frees memory
               METHOD, 2002, @CloseDictionary
      *[Class: @SpellChecker] Reset
      * Resets opened dictionary (deletes Ignore All, Change All,... buffers
               METHOD, 2014, @Reset
                       RETURNING "boolean", TYPE 11
      *[Class: @SpellChecker] CheckText
      * Checks spelling in a string
               METHOD, 2013, @CheckText,
                   "BSTR" @pszText, TYPE 8,
                   "short*" @nExitStatus, TYPE 16386
                       RETURNING "BSTR", TYPE 8
      *[Class: @SpellChecker] CheckTextVBS
      * Checks spelling in a string
               METHOD, 2015, @CheckTextVBS,
                   "BSTR" @pszText, TYPE 8
                       RETURNING "BSTR", TYPE 8
      *[Class: @SpellChecker] IsWordExist
      * Returns TRUE if word exists in currently opened dictionary
               METHOD, 2003, @IsWordExist,
                   "BSTR" @pszWord, TYPE 8
                       RETURNING "boolean", TYPE 11
      *[Class: @SpellChecker] AddToChangeAll
      * Adds new word to custom dictionary
               METHOD, 2004, @AddToChangeAll,
                   "BSTR" @pszFind, TYPE 8,
                   "BSTR" @pszReplace, TYPE 8
      *[Class: @SpellChecker] IsCharAlpha
      * Returns TRUE if the character is alphabetic
               METHOD, 2005, @IsCharAlpha,
                   "short" @ch, TYPE 2
                       RETURNING "boolean", TYPE 11
      *[Class: @SpellChecker] IsCharLower
      * Returns TRUE if the character is lowercase
               METHOD, 2006, @IsCharLower,
                   "short" @ch, TYPE 2
                       RETURNING "boolean", TYPE 11
      *[Class: @SpellChecker] IsCharUpper
      * Returns TRUE if the character is upercase
               METHOD, 2007, @IsCharUpper,
                   "short" @ch, TYPE 2
                       RETURNING "boolean", TYPE 11
      *[Class: @SpellChecker] GetReplacement
      * Returns replacement for word that was added using AddToChangeAll method
               METHOD, 2008, @GetReplacement,

C:\AcuSamples\Spell Checker\Source\SpellChecker.cbl Mon Jun 12 13:55:27 2017  ACUCOBOL-GT v10.1.1 Alpha (2017-06-08)  Page: 0005


                   "BSTR" @pszWord, TYPE 8
                       RETURNING "BSTR", TYPE 8
      *[Class: @SpellChecker] GetSuggestion
      * Returns suggestions for word
               METHOD, 2009, @GetSuggestion,
                   "BSTR" @pszWord, TYPE 8,
                   "short" @nSuggestionIndex, TYPE 2
                       RETURNING "BSTR", TYPE 8
      *[Class: @SpellChecker] AddWord
      * Adds a word to the custom dictionary
               METHOD, 2010, @AddWord,
                   "BSTR" @pszNewWord, TYPE 8
      *[Class: @SpellChecker] AddToIgnoreAll
      * Adds a word to ignore all list
               METHOD, 2011, @AddToIgnoreAll,
                   "BSTR" @pszWord, TYPE 8
      *[Class: @SpellChecker] GetLanguageName
      * Returns language name
               METHOD, 2012, @GetLanguageName,
                   "BSTR" @pszDictFileName, TYPE 8
                       RETURNING "BSTR", TYPE 8
      *[Class: @SpellChecker] DownloadDictionaries
      * Downloads new dictionaries from Internet, Intranet or LAN
               METHOD, 2016, @DownloadDictionaries,
                   "BSTR" @pszDownloadURL, TYPE 8,
                   "BSTR" @pszInstallDir, TYPE 8
                       RETURNING "boolean", TYPE 11
      *[Class: @SpellChecker] OptionsDlg
      * Displays spell checker options dialog box
               METHOD, 2017, @OptionsDlg,
                   "BSTR" @pszDictionaryDir, TYPE 8,
                   "BSTR*" @pbstrCustomDicFileName, TYPE 16392,
                   "BSTR*" @pbstrCurDicFileName, TYPE 16392,
                   "BSTR" @pszDownloadURL, TYPE 8,
                   "boolean" @bInternetSupport, TYPE 11
                       RETURNING "boolean", TYPE 11
      *[Class: @SpellChecker] AboutBox
               METHOD, -552, @AboutBox
      *[Class: @SpellChecker] Delphi
               PROPERTY-GET, 1001, @Delphi
                       RETURNING "boolean", TYPE 11
      *[Class: @SpellChecker] Delphi
               PROPERTY-PUT, 1001, @Delphi,
                   "boolean (Property_Value)", TYPE 11
      *[Class: @SpellChecker] AlwaysSuggest
      * Displays a list of suggested corrections for each unmatched word when
               PROPERTY-GET, 1002, @AlwaysSuggest
                       RETURNING "boolean", TYPE 11
      *[Class: @SpellChecker] AlwaysSuggest
      * Displays a list of suggested corrections for each unmatched word when
               PROPERTY-PUT, 1002, @AlwaysSuggest,
                   "boolean (Property_Value)", TYPE 11
      *[Class: @SpellChecker] IgnoreWordsWithNumbers
      * Ignore words that contain numbers
               PROPERTY-GET, 1003, @IgnoreWordsWithNumbers
                       RETURNING "boolean", TYPE 11
      *[Class: @SpellChecker] IgnoreWordsWithNumbers

C:\AcuSamples\Spell Checker\Source\SpellChecker.cbl Mon Jun 12 13:55:27 2017  ACUCOBOL-GT v10.1.1 Alpha (2017-06-08)  Page: 0006


      * Ignore words that contain numbers
               PROPERTY-PUT, 1003, @IgnoreWordsWithNumbers,
                   "boolean (Property_Value)", TYPE 11
      *[Class: @SpellChecker] IgnoreWordsInUppercase
      * Ignore words in which each character is an uppercase letter
               PROPERTY-GET, 1004, @IgnoreWordsInUppercase
                       RETURNING "boolean", TYPE 11
      *[Class: @SpellChecker] IgnoreWordsInUppercase
      * Ignore words in which each character is an uppercase letter
               PROPERTY-PUT, 1004, @IgnoreWordsInUppercase,
                   "boolean (Property_Value)", TYPE 11
       COPY "Acuclass.Def".
      * ACUCLASS.DEF - stock class definitions for ActiveX.

      * Copyright (C) 1999,2004 Micro Focus. All rights reserved.

      * IFontDisp Class - specifies font properties

           OBJECT @AcuClass

           CLASS @IFontDisp
               CLSID, BEF6E003-A874-101A-8BBA-00AA00300CAB
               NAME, "IFontDisp"
               DEFAULT-INTERFACE, "IFontDisp"
      * Name
               PROPERTY-GET, 0, @Name
                       RETURNING "BSTR", TYPE 8
      * Name
               PROPERTY-PUT, 0, @Name,
                   "BSTR (Property Value)", TYPE 8
      * Size
               PROPERTY-GET, 2, @Size
                       RETURNING "CURRENCY", TYPE 6
      * Size
               PROPERTY-PUT, 2, @Size,
                   "CURRENCY (Property Value)", TYPE 6
      * Bold
               PROPERTY-GET, 3, @Bold
                       RETURNING "boolean", TYPE 11
      * Bold
               PROPERTY-PUT, 3, @Bold,
                   "boolean (Property Value)", TYPE 11
      * Italic
               PROPERTY-GET, 4, @Italic
                       RETURNING "boolean", TYPE 11
      * Italic
               PROPERTY-PUT, 4, @Italic,
                   "boolean (Property Value)", TYPE 11
      * Underline
               PROPERTY-GET, 5, @Underline
                       RETURNING "boolean", TYPE 11
      * Underline
               PROPERTY-PUT, 5, @Underline,
                   "boolean (Property Value)", TYPE 11
      * Strikethrough
               PROPERTY-GET, 6, @Strikethrough
                       RETURNING "boolean", TYPE 11

C:\AcuSamples\Spell Checker\Source\SpellChecker.cbl Mon Jun 12 13:55:27 2017  ACUCOBOL-GT v10.1.1 Alpha (2017-06-08)  Page: 0007


      * Strikethrough
               PROPERTY-PUT, 6, @Strikethrough,
                   "boolean (Property Value)", TYPE 11
      * Weight
               PROPERTY-GET, 7, @Weight
                       RETURNING "short", TYPE 2
      * Weight
               PROPERTY-PUT, 7, @Weight,
                   "short (Property Value)", TYPE 2
      * Charset
               PROPERTY-GET, 8, @Charset
                       RETURNING "short", TYPE 2
      * Charset
               PROPERTY-PUT, 8, @Charset,
                   "short (Property Value)", TYPE 2


           CLASS @IPictureDisp
               CLSID, 7BF80981-BF32-101A-8BBB-00AA00300CAB
               NAME, "IPictureDisp"
               DEFAULT-INTERFACE, "IPictureDisp"
      * PicHandle
               PROPERTY-GET, 0, @PicHandle
                       RETURNING "OLE_HANDLE", TYPE 22
      * hPal
               PROPERTY-GET, 2, @hPal
                       RETURNING "OLE_HANDLE", TYPE 22
      * Type
               PROPERTY-GET, 3, @Type
                       RETURNING "short", TYPE 2
      * Width
               PROPERTY-GET, 4, @Width
                       RETURNING "OLE_XSIZE_HIMETRIC", TYPE 3
      * Height
               PROPERTY-GET, 5, @Height
                       RETURNING "OLE_YSIZE_HIMETRIC", TYPE 3
      * Render
               METHOD, 6, @Render,
                   "int" @hdc, TYPE 3,
                   "long" @x, TYPE 3,
                   "long", @y, TYPE 3,
                   "long", @cx, TYPE 3,
                   "long", @cy, TYPE 3,
                   "OLE_XPOS_HIMETRIC", @xSRC, TYPE 3,
                   "OLE_YPOS_HIMETRIC", @ySRC, TYPE 3,
                   "OLE_XSIZE_HIMETRIC", @cxSRC, TYPE 3,
                   "OLE_YSIZE_HIMETRIC", @cySRC, TYPE 3,
                   "void *", @prcWBounds, TYPE 16408
           .
      *{Bench}end
      *{Bench}decimal-point
      *{Bench}end
       INPUT-OUTPUT                SECTION.
       FILE-CONTROL.
      *{Bench}file-control
      *{Bench}end
       DATA                        DIVISION.

C:\AcuSamples\Spell Checker\Source\SpellChecker.cbl Mon Jun 12 13:55:27 2017  ACUCOBOL-GT v10.1.1 Alpha (2017-06-08)  Page: 0008


       FILE                        SECTION.
      *{Bench}file
      *{Bench}end
       WORKING-STORAGE             SECTION.
      *{Bench}acu-def
       COPY "acugui.def".
      * ACUGUI.DEF - useful definitions for graphical systems.
      * Last modified: 26-Sep-2002 - TDC.

      * Copyright (C) 1992-2006,2008,2010,2013 Micro Focus.
      * All rights reserved.

      * Mouse handling variables
      * Structure and opcodes for W$MOUSE system routine

       78  TEST-MOUSE-PRESENCE                 VALUE 0.
       78  GET-MOUSE-STATUS                    VALUE 1.
       78  GET-MOUSE-SCREEN-STATUS             VALUE 2.
       78  SET-MOUSE-POSITION                  VALUE 3.
       78  SET-MOUSE-SCREEN-POSITION           VALUE 4.
       78  SET-MOUSE-SHAPE                     VALUE 5.
       78  SET-DELAYED-MOUSE-SHAPE             VALUE 6.
       78  GET-MOUSE-SHAPE                     VALUE 7.
       78  CAPTURE-MOUSE                       VALUE 8.
       78  RELEASE-MOUSE                       VALUE 9.
       78  ENABLE-MOUSE                        VALUE 10.
       78  SET-MOUSE-HELP                      VALUE 19.
       78  SET-MOUSE-POSITION-EX               VALUE 23.
       78  SET-MOUSE-SCREEN-POSITION-EX        VALUE 24.
       78  SET-MOUSE-POSITION-PIXEL            VALUE 25.
       78  SET-MOUSE-SCREEN-POSITION-PIXEL     VALUE 26.

       01  MOUSE-INFO.
           03  MOUSE-ROW                       PIC XX COMP-X.
               88  MOUSE-OFF-SCREEN            VALUE ZERO.
           03  MOUSE-COL                       PIC XX COMP-X.
           03  LBUTTON-STATUS                  PIC 9.
               88  LBUTTON-DOWN                VALUE 1.
           03  MBUTTON-STATUS                  PIC 9.
               88  MBUTTON-DOWN                VALUE 1.
           03  RBUTTON-STATUS                  PIC 9.
               88  RBUTTON-DOWN                VALUE 1.
           03  MOUSE-ROW-EX                    PIC 9(6)V99 COMP-4, SYNC.
           03  MOUSE-COL-EX                    PIC 9(6)V99 COMP-4.
           03  MOUSE-ROW-PIXEL                 PIC 9(8) COMP-4.
           03  MOUSE-COL-PIXEL                 PIC 9(8) COMP-4.

       78  ARROW-POINTER                       VALUE 1.
       78  BAR-POINTER                         VALUE 2.
       78  CROSS-POINTER                       VALUE 3.
       78  WAIT-POINTER                        VALUE 4.
       78  HELP-POINTER                        VALUE 5.

      * MOUSE-FLAGS settings

       78  AUTO-MOUSE-HANDLING                 VALUE 1.
       78  ALLOW-LEFT-DOWN                     VALUE 2.

C:\AcuSamples\Spell Checker\Source\SpellChecker.cbl Mon Jun 12 13:55:27 2017  ACUCOBOL-GT v10.1.1 Alpha (2017-06-08)  Page: 0009


       78  ALLOW-LEFT-UP                       VALUE 4.
       78  ALLOW-LEFT-DOUBLE                   VALUE 8.
       78  ALLOW-MIDDLE-DOWN                   VALUE 16.
       78  ALLOW-MIDDLE-UP                     VALUE 32.
       78  ALLOW-MIDDLE-DOUBLE                 VALUE 64.
       78  ALLOW-RIGHT-DOWN                    VALUE 128.
       78  ALLOW-RIGHT-UP                      VALUE 256.
       78  ALLOW-RIGHT-DOUBLE                  VALUE 512.
       78  ALLOW-MOUSE-MOVE                    VALUE 1024.
       78  ALWAYS-ARROW-CURSOR                 VALUE 2048.
       78  ALLOW-ALL-SCREEN-ACTIONS            VALUE 16384.


      * Menu handling variables
      * W$MENU opcodes

       78  WMENU-NEW                           VALUE 1.
       78  WMENU-DESTROY                       VALUE 2.
       78  WMENU-ADD                           VALUE 3.
       78  WMENU-CHANGE                        VALUE 4.
       78  WMENU-DELETE                        VALUE 5.
       78  WMENU-CHECK                         VALUE 6.
       78  WMENU-UNCHECK                       VALUE 7.
       78  WMENU-ENABLE                        VALUE 8.
       78  WMENU-DISABLE                       VALUE 9.
       78  WMENU-SHOW                          VALUE 10.
       78  WMENU-GET-MENU                      VALUE 11.
       78  WMENU-INPUT                         VALUE 12.
       78  WMENU-BLOCK                         VALUE 13.
       78  WMENU-UNBLOCK                       VALUE 14.
       78  WMENU-GET-BLOCK                     VALUE 15.
       78  WMENU-SET-BLOCK                     VALUE 16.
       78  WMENU-RELEASE                       VALUE 17.
       78  WMENU-GET-CONFIGURATION             VALUE 18.
       78  WMENU-SET-CONFIGURATION             VALUE 19.
       78  WMENU-REFRESH                       VALUE 20.
       78  WMENU-DESTROY-DELAYED               VALUE 21.
       78  WMENU-GET-DELAYED-FLAG              VALUE 22.
       78  WMENU-SET-DELAYED-FLAG              VALUE 23.
       78  WMENU-NEW-POPUP                     VALUE 26.
       78  WMENU-POPUP                         VALUE 27.

      * W$MENU flags

       78  W-UNCHECKED                         VALUE 0.
       78  W-CHECKED                           VALUE 1.
       78  W-ENABLED                           VALUE 0.
       78  W-DISABLED                          VALUE 16.
       78  W-SEPARATOR                         VALUE 256.

       01  MENU-CONFIGURATION.
           03  MENU-STYLE                         PIC 9 COMP-X.
               88  MENU-IS-STATIC                 VALUE 0.
               88  MENU-IS-POPUP                  VALUE 1.
           03  MENU-CHECK-MARK                    PIC X.
           03  MENU-SUBMENU-MARK                  PIC X.
           03  MENU-COLOR-ATTRIBUTES.

C:\AcuSamples\Spell Checker\Source\SpellChecker.cbl Mon Jun 12 13:55:27 2017  ACUCOBOL-GT v10.1.1 Alpha (2017-06-08)  Page: 0010


               05  MENU-NORMAL-COLOR-ATTRIBUTES.
                   07  MENU-NORMAL-COLOR          PIC 9(4) COMP-X.
                   07  MENU-NORMAL-COLOR-KEY-1    PIC 9(4) COMP-X.
                   07  MENU-NORMAL-COLOR-KEY-2    PIC 9(4) COMP-X.
               05  MENU-SELECTED-COLOR-ATTRIBUTES.
                   07  MENU-SELECTED-COLOR        PIC 9(4) COMP-X.
                   07  MENU-SELECTED-COLOR-KEY-1  PIC 9(4) COMP-X.
                   07  MENU-SELECTED-COLOR-KEY-2  PIC 9(4) COMP-X.
               05  MENU-DISABLED-COLOR-ATTRIBUTES.
                   07  MENU-DISABLED-COLOR        PIC 9(4) COMP-X.
                   07  MENU-DISABLED-COLOR-KEY-1  PIC 9(4) COMP-X.
                   07  MENU-DISABLED-COLOR-KEY-2  PIC 9(4) COMP-X.
           03  MENU-MONO-ATTRIBUTES.
               05  MENU-NORMAL-MONO-ATTRIBUTES.
                   07  MENU-NORMAL-MONO           PIC 9(4) COMP-X.
                   07  MENU-NORMAL-MONO-KEY-1     PIC 9(4) COMP-X.
                   07  MENU-NORMAL-MONO-KEY-2     PIC 9(4) COMP-X.
               05  MENU-SELECTED-MONO-ATTRIBUTES.
                   07  MENU-SELECTED-MONO         PIC 9(4) COMP-X.
                   07  MENU-SELECTED-MONO-KEY-1   PIC 9(4) COMP-X.
                   07  MENU-SELECTED-MONO-KEY-2   PIC 9(4) COMP-X.
               05  MENU-DISABLED-MONO-ATTRIBUTES.
                   07  MENU-DISABLED-MONO         PIC 9(4) COMP-X.
                   07  MENU-DISABLED-MONO-KEY-1   PIC 9(4) COMP-X.
                   07  MENU-DISABLED-MONO-KEY-2   PIC 9(4) COMP-X.

      * Variables used by menu code created by GENMENU.

       77  MENU-HANDLE                         PIC S9(9) COMP-4.
       77  SUB-HANDLE-1                        PIC S9(9) COMP-4.
       77  SUB-HANDLE-2                        PIC S9(9) COMP-4.
       77  SUB-HANDLE-3                        PIC S9(9) COMP-4.
       77  SUB-HANDLE-4                        PIC S9(9) COMP-4.

      * MESSAGE BOX types

       78  MB-OK                               VALUE 1.
       78  MB-YES-NO                           VALUE 2.
       78  MB-OK-CANCEL                        VALUE 3.
       78  MB-YES-NO-CANCEL                    VALUE 4.

      * MESSAGE BOX responses (MB-OK is both a type and a response)

       78  MB-YES                              VALUE 1.
       78  MB-NO                               VALUE 2.
       78  MB-CANCEL                           VALUE 3.

      * MESSAGE BOX icons

       78  MB-DEFAULT-ICON                     VALUE 1.
       78  MB-WARNING-ICON                     VALUE 2.
       78  MB-ERROR-ICON                       VALUE 3.

      * W$BITMAP opcodes

       78  WBITMAP-DISPLAY                     VALUE 1.
       78  WBITMAP-DESTROY                     VALUE 2.

C:\AcuSamples\Spell Checker\Source\SpellChecker.cbl Mon Jun 12 13:55:27 2017  ACUCOBOL-GT v10.1.1 Alpha (2017-06-08)  Page: 0011


       78  WBITMAP-LOAD                        VALUE 3.
       78  WBITMAP-LOAD-IMAGELIST              VALUE 5.
       78  WBITMAP-DESTROY-IMAGELIST           VALUE 6.
       78  WBITMAP-CAPTURE-IMAGE               VALUE 7.
       78  WBITMAP-CAPTURE-DESKTOP             VALUE 8.
       78  WBITMAP-CAPTURE-CLIPBOARD           VALUE 9.
       78  WBITMAP-LOAD-PICTURE                VALUE 10.

      * W$BITMAP option flags

       78  WBITMAP-NO-FILL                     VALUE 1.
       78  WBITMAP-NO-DOWNLOAD                 VALUE 2.

      * W$BITMAP error values

       78  WBERR-UNSUPPORTED                   VALUE 0.
       78  WBERR-FILE-ERROR                    VALUE -1.
       78  WBERR-NO-MEMORY                     VALUE -2.
       78  WBERR-NOT-BITMAP                    VALUE -3.
       78  WBERR-FORMAT-UNSUPPORTED            VALUE -4.
       78  WBERR-MISSING-DLL                   VALUE -5.
       78  WBERR-INVALID-HWND                  VALUE -6.
       78  WBERR-INVALID-DATA                  VALUE -7.
       78  WBERR-INVALID-CLIPBOARD             VALUE -8.
       78  WBERR-INVALID-PALETTE               VALUE -9.
       78  WBERR-CLIPBOARD-EMPTY               VALUE -10.
       78  WBERR-NOT-INITIALIZED               VALUE -11.

      * W$TEXTSIZE library routine

       01  TEXTSIZE-DATA.
           03  TEXTSIZE-FONT                   HANDLE OF FONT,
                                               VALUE NULL.
           03  TEXTSIZE-WINDOW                 HANDLE OF WINDOW
                                               VALUE NULL.
           03  TEXTSIZE-SIZE-X                 PIC 9(7)V99 COMP-4.
           03  TEXTSIZE-CELLS-X                PIC 9(7)V99 COMP-4.
           03  TEXTSIZE-BASE-X                 PIC 9(9) COMP-4.
           03  TEXTSIZE-SIZE-Y                 PIC 99V99 COMP-4.
           03  TEXTSIZE-CELLS-Y                PIC 99V99 COMP-4.
           03  TEXTSIZE-BASE-Y                 PIC 9(4) COMP-4.
           03  TEXTSIZE-FLAGS                  PIC X COMP-X, VALUE ZERO.
               88  TEXTSIZE-STRIP-SPACES       VALUE 1, FALSE ZERO.

      * EVENT-ACTION values

       78  EVENT-ACTION-NORMAL                 VALUE ZERO.
       78  EVENT-ACTION-TERMINATE              VALUE 1.
       78  EVENT-ACTION-CONTINUE               VALUE 2.
       78  EVENT-ACTION-IGNORE                 VALUE 3.
       78  EVENT-ACTION-FAIL                   VALUE 4.
       78  EVENT-ACTION-COMPLETE               VALUE 5.
       78  EVENT-ACTION-FAIL-TERMINATE         VALUE 7.


      * Standard exception values from the windowing system


C:\AcuSamples\Spell Checker\Source\SpellChecker.cbl Mon Jun 12 13:55:27 2017  ACUCOBOL-GT v10.1.1 Alpha (2017-06-08)  Page: 0012


       78  W-TIMEOUT                           VALUE 99.
       78  W-CONVERSION-ERROR                  VALUE 98.
       78  W-NO-FIELDS                         VALUE 97.
       78  W-EVENT                             VALUE 96.
       78  W-MESSAGE                           VALUE 95.

      * Command events

       78  CMD-CLOSE                           VALUE 1.
       78  CMD-GOTO                            VALUE 3.
       78  CMD-CLICKED                         VALUE 4.
       78  CMD-DBLCLICK                        VALUE 5.
       78  CMD-ACTIVATE                        VALUE 6.
       78  CMD-TABCHANGED                      VALUE 7.
       78  CMD-HELP                            VALUE 8.

      * Notification events

       78  NTF-SELCHANGE                       VALUE 4099.
       78  NTF-CHANGED                         VALUE 4100.
      * The next 7 apply to paged list-boxes only
       78  NTF-PL-NEXT                         VALUE 4101.
       78  NTF-PL-PREV                         VALUE 4102.
       78  NTF-PL-NEXTPAGE                     VALUE 4103.
       78  NTF-PL-PREVPAGE                     VALUE 4104.
       78  NTF-PL-FIRST                        VALUE 4105.
       78  NTF-PL-LAST                         VALUE 4106.
       78  NTF-PL-SEARCH                       VALUE 4107.
       78  NTF-PL-PREV-WHEEL                   VALUE 4108.
       78  NTF-PL-NEXT-WHEEL                   VALUE 4109.
       78  NTF-RESIZED                         VALUE 4114.

      * Message-style events

       78  MSG-SB-NEXT                         VALUE 16385.
       78  MSG-SB-PREV                         VALUE 16386.
       78  MSG-SB-NEXTPAGE                     VALUE 16387.
       78  MSG-SB-PREVPAGE                     VALUE 16388.
       78  MSG-SB-THUMB                        VALUE 16389.
       78  MSG-SB-THUMBTRACK                   VALUE 16390.
       78  MSG-VALIDATE                        VALUE 16391.
       78  MSG-BEGIN-ENTRY                     VALUE 16392.
       78  MSG-FINISH-ENTRY                    VALUE 16393.
       78  MSG-CANCEL-ENTRY                    VALUE 16394.
       78  MSG-GOTO-CELL                       VALUE 16395.
       78  MSG-GOTO-CELL-MOUSE                 VALUE 16396.
       78  MSG-MENU-INPUT                      VALUE 16397.
       78  MSG-INIT-MENU                       VALUE 16398.
       78  MSG-END-MENU                        VALUE 16399.
       78  MSG-BITMAP-CLICKED                  VALUE 16400.
       78  MSG-BITMAP-DBLCLICK                 VALUE 16401.
       78  MSG-HEADING-CLICKED                 VALUE 16402.
       78  MSG-HEADING-DBLCLICK                VALUE 16403.
       78  MSG-GOTO-CELL-DRAG                  VALUE 16404.
       78  MSG-HEADING-DRAGGED                 VALUE 16405.
       78  MSG-BEGIN-DRAG                      VALUE 16406.
       78  MSG-END-DRAG                        VALUE 16407.

C:\AcuSamples\Spell Checker\Source\SpellChecker.cbl Mon Jun 12 13:55:27 2017  ACUCOBOL-GT v10.1.1 Alpha (2017-06-08)  Page: 0013


       78  MSG-BEGIN-HEADING-DRAG              VALUE 16408.
       78  MSG-END-HEADING-DRAG                VALUE 16409.
       78  MSG-COL-WIDTH-CHANGED               VALUE 16410.
       78  MSG-TV-SELCHANGING                  VALUE 16411.
       78  MSG-TV-SELCHANGE                    VALUE 16412.
       78  MSG-TV-EXPANDING                    VALUE 16413.
       78  MSG-TV-EXPANDED                     VALUE 16414.
       78  MSG-CLOSE                           VALUE 16415.
       78  MSG-SPIN-UP                         VALUE 16416.
       78  MSG-SPIN-DOWN                       VALUE 16417.
       78  MSG-PAGED-NEXT                      VALUE 16419.
       78  MSG-PAGED-PREV                      VALUE 16420.
       78  MSG-PAGED-NEXTPAGE                  VALUE 16421.
       78  MSG-PAGED-PREVPAGE                  VALUE 16422.
       78  MSG-PAGED-FIRST                     VALUE 16423.
       78  MSG-PAGED-LAST                      VALUE 16424.
       78  MSG-GRID-RBUTTON-DOWN               VALUE 16426.
       78  MSG-GRID-RBUTTON-UP                 VALUE 16427.
       78  MSG-TV-DBLCLICK                     VALUE 16428.
       78  MSG-WB-BEFORE-NAVIGATE              VALUE 16429.
       78  MSG-WB-NAVIGATE-COMPLETE            VALUE 16430.
       78  MSG-WB-DOWNLOAD-BEGIN               VALUE 16431.
       78  MSG-WB-DOWNLOAD-COMPLETE            VALUE 16432.
       78  MSG-WB-PROGRESS-CHANGE              VALUE 16433.
       78  MSG-WB-STATUS-TEXT-CHANGE           VALUE 16434.
       78  MSG-WB-TITLE-CHANGE                 VALUE 16435.
       78  MSG-AX-EVENT                        VALUE 16436.
       78  MSG-NET-EVENT                       VALUE 16437.
       78  MSG-PAGED-PREV-WHEEL                VALUE 16438.
       78  MSG-PAGED-NEXT-WHEEL                VALUE 16439.
       78  MSG-TV-BEGINEDITLABEL               VALUE 16440.
       78  MSG-TV-ENDEDITLABEL                 VALUE 16441.
       78  MSG-BEGIN-SORT                      VALUE 16442.
       78  MSG-FINISH-SORT                     VALUE 16443.

       78  WHEEL-PAGESCROLL                    VALUE -1.


      * Entry Field ACTION values

       78  ACTION-CUT                          VALUE 1.
       78  ACTION-COPY                         VALUE 2.
       78  ACTION-PASTE                        VALUE 3.
       78  ACTION-DELETE                       VALUE 4.
       78  ACTION-UNDO                         VALUE 5.
       78  ACTION-SELECT-ALL                   VALUE 6.

      * Grid ACTION values

       78  ACTION-FIRST-PAGE                   VALUE 10.
       78  ACTION-LAST-PAGE                    VALUE 11.
       78  ACTION-CURRENT-PAGE                 VALUE 12.
       78  ACTION-HIDE-DRAG                    VALUE 13.
       78  ACTION-PREVIOUS                     VALUE 14.
       78  ACTION-PREVIOUS-PAGE                VALUE 15.
       78  ACTION-NEXT-PAGE                    VALUE 16.
       78  ACTION-NEXT                         VALUE 17.

C:\AcuSamples\Spell Checker\Source\SpellChecker.cbl Mon Jun 12 13:55:27 2017  ACUCOBOL-GT v10.1.1 Alpha (2017-06-08)  Page: 0014



      * Window ACTION values

       78  ACTION-MINIMIZE                     VALUE 20.
       78  ACTION-MAXIMIZE                     VALUE 21.
       78  ACTION-RESTORE                      VALUE 22.

      * Paged grid FILE-POS values

       78  PAGED-AT-START                      VALUE 2147418113.
       78  PAGED-AT-END                        VALUE 2147418114.
       78  PAGED-EMPTY                         VALUE 2147418115.

      * Grid search options

       01  GRID-SEARCH-OPTIONS                 VALUE ALL ZEROS.
           03  GRID-SEARCH-DIRECTION           PIC 9.
               88  GRID-SEARCH-FORWARDS        VALUE ZERO, FALSE 1.

           03  GRID-SEARCH-WRAP-FLAG           PIC 9.
               88  GRID-SEARCH-WRAP            VALUE ZERO, FALSE 1.

           03  GRID-SEARCH-CASE-FLAG           PIC 9.
               88  GRID-SEARCH-IGNORE-CASE     VALUE ZERO, FALSE 1.

           03  GRID-SEARCH-MATCH-FLAG          PIC 9.
               88  GRID-SEARCH-MATCH-ANY       VALUE ZERO.
               88  GRID-SEARCH-MATCH-LEADING   VALUE 1.
               88  GRID-SEARCH-MATCH-ALL       VALUE 2.

           03  GRID-SEARCH-LOCATION-FLAG       PIC 9.
               88  GRID-SEARCH-VISIBLE         VALUE ZERO.
               88  GRID-SEARCH-HIDDEN          VALUE 1.
               88  GRID-SEARCH-ALL-DATA        VALUE 2.

           03  GRID-SEARCH-SKIP-FLAG           PIC 9.
               88  GRID-SEARCH-SKIP-CURRENT    VALUE ZERO, FALSE 1.

           03  GRID-SEARCH-CURSOR-FLAG         PIC 9.
               88  GRID-SEARCH-MOVES-CURSOR    VALUE ZERO, FALSE 1.

           03  GRID-SEARCH-COLUMN              PIC 9(5).
               88  GRID-SEARCH-ALL-COLUMNS     VALUE ZERO.

      * Grid search status flags

       78  GRDSRCH-NOT-FOUND                   VALUE 0.
       78  GRDSRCH-FOUND                       VALUE 1.
       78  GRDSRCH-WRAPPED                     VALUE 2.

      * Grid FINISH-REASON values

       78  GRFR-BLANK-PAST-END                 VALUE -1.
       78  GRFR-TERMINATING                    VALUE -2.
       78  GRFR-CELL-CLICKED                   VALUE -3.
       78  GRFR-NAVIGATION-KEY                 VALUE -4.
       78  GRFR-ESCAPE-KEY                     VALUE -5.

C:\AcuSamples\Spell Checker\Source\SpellChecker.cbl Mon Jun 12 13:55:27 2017  ACUCOBOL-GT v10.1.1 Alpha (2017-06-08)  Page: 0015


       78  GRFR-ENTER-KEY                      VALUE -6.
       78  GRFR-TAB-KEY                        VALUE -7.

      * Flags for win$playsound

       78  SND-SYNC                            VALUE 0.
       78  SND-ASYNC                           VALUE 1.
       78  SND-LOOP                            VALUE 8.
       78  SND-NOSTOP                          VALUE 16.

      * Tree-View control placement flags

       78  TVPLACE-FIRST                       VALUE 4294901761.
       78  TVPLACE-LAST                        VALUE 0.
       78  TVPLACE-SORT                        VALUE 4294901763.

      * Tree-View NEXT-ITEM values

       78  TVNI-CHILD                          VALUE 1.
       78  TVNI-FIRST-VISIBLE                  VALUE 2.
       78  TVNI-NEXT                           VALUE 3.
       78  TVNI-NEXT-VISIBLE                   VALUE 4.
       78  TVNI-PARENT                         VALUE 5.
       78  TVNI-PREVIOUS                       VALUE 6.
       78  TVNI-PREVIOUS-VISIBLE               VALUE 7.
       78  TVNI-ROOT                           VALUE 8.

      * Tree-View miscellaneous flags

       78  TVFLAG-COLLAPSE                     VALUE 1.
       78  TVFLAG-EXPAND                       VALUE 2.
       78  TVFLAG-PROGRAM                      VALUE ZERO.
       78  TVFLAG-MOUSE                        VALUE 1.
       78  TVFLAG-KEYBOARD                     VALUE 2.
       78  TVFLAG-NORMAL                       VALUE 1.
       78  TVFLAG-BOLD                         VALUE 2.

      * Paged list sort-order values

       78  PL-SORT-DEFAULT                     VALUE 0.
       78  PL-SORT-NONE                        VALUE 1.
       78  PL-SORT-NATIVE                      VALUE 2.
       78  PL-SORT-NATIVE-IGNORE-CASE          VALUE 3.

      * Date-Entry VALUE-FORMAT flags

       78  DAVF-YYYYMMDD                       VALUE 0.
       78  DAVF-YYMMDD                         VALUE 1.
       78  DAVF-HHMMSShh                       VALUE 2.
       78  DAVF-HHMMSS                         VALUE 3.
       78  DAVF-YYYYMMDDHHMMSShh               VALUE 4.

      * Bitmap control flags
       78  BM-CORNER-COLOR                     VALUE x#1000000.

      *  Predefined handle values for MS Windows registry


C:\AcuSamples\Spell Checker\Source\SpellChecker.cbl Mon Jun 12 13:55:27 2017  ACUCOBOL-GT v10.1.1 Alpha (2017-06-08)  Page: 0016


      *  Windows 3.1:
       78  HKEY_CLASSES_ROOT_31                VALUE 1.

      *  32-bit Windows:
       78  HKEY_CLASSES_ROOT                   VALUE 2147483648.
       78  HKEY_CURRENT_USER                   VALUE 2147483649.
       78  HKEY_LOCAL_MACHINE                  VALUE 2147483650.
       78  HKEY_USERS                          VALUE 2147483651.
       78  HKEY_PERFORMANCE_DATA               VALUE 2147483652.
       78  HKEY_CURRENT_CONFIG                 VALUE 2147483653.
       78  HKEY_DYN_DATA                       VALUE 2147483654.

      * 32-bit Windows Registry Value Types
       78  REG_NONE                       VALUE ZERO.
       78  REG_SZ                         VALUE 1.
       78  REG_EXPAND_SZ                  VALUE 2.
       78  REG_BINARY                     VALUE 3.
       78  REG_DWORD                      VALUE 4.
       78  REG_DWORD_LITTLE_ENDIAN        VALUE 4.
       78  REG_DWORD_BIG_ENDIAN           VALUE 5.
       78  REG_LINK                       VALUE 6.
       78  REG_MULTI_SZ                   VALUE 7.
       78  REG_RESOURCE_LIST              VALUE 8.
       78  REG_FULL_RESOURCE_DESCRIPTOR   VALUE 9.
       78  REG_RESOURCE_REQUIREMENTS_LIST VALUE 10.

       01  WIN32-REGISTRY-VALUE-TYPE          USAGE IS UNSIGNED-LONG.
           88  TYPE-IS-REG_NONE                       VALUE ZERO.
           88  TYPE-IS-REG_SZ                         VALUE 1.
           88  TYPE-IS-REG_EXPAND_SZ                  VALUE 2.
           88  TYPE-IS-REG_BINARY                     VALUE 3.
           88  TYPE-IS-REG_DWORD                      VALUE 4.
           88  TYPE-IS-REG_DWORD_LITTLE_ENDIAN        VALUE 4.
           88  TYPE-IS-REG_DWORD_BIG_ENDIAN           VALUE 5.
           88  TYPE-IS-REG_LINK                       VALUE 6.
           88  TYPE-IS-REG_MULTI_SZ                   VALUE 7.
           88  TYPE-IS-REG_RESOURCE_LIST              VALUE 8.
           88  TYPE-IS-REG_FULL_RESOURCE_DESCRIPTOR   VALUE 9.
           88  TYPE-IS-REG_RESOURCE_REQUIREMENTS_LIST VALUE 10.

      *  32-bit Windows Registry Key Options:
       78  REG_OPTION_NON_VOLATILE               VALUE 0.
       78  REG_OPTION_VOLATILE                   VALUE 1.

      *  32-bit Windows Registry Access Rights:
       78  KEY_QUERY_VALUE         VALUE 1.
       78  KEY_SET_VALUE           VALUE 2.
       78  KEY_CREATE_SUB_KEY      VALUE 4.
       78  KEY_ENUMERATE_SUB_KEYS  VALUE 8.
       78  KEY_NOTIFY              VALUE 16.
       78  KEY_CREATE_LINK         VALUE 32.
       78  KEY_WRITE               VALUE 131078.
       78  KEY_READ                VALUE 131097.
       78  KEY_EXECUTE             VALUE 131097.
       78  KEY_ALL_ACCESS          VALUE 983103.

      *  32-bit Windows Registry Disposition Values:

C:\AcuSamples\Spell Checker\Source\SpellChecker.cbl Mon Jun 12 13:55:27 2017  ACUCOBOL-GT v10.1.1 Alpha (2017-06-08)  Page: 0017


       78  REG_CREATED_NEW_KEY               VALUE 1.
       78  REG_OPENED_EXISTING_KEY           VALUE 2.

      *  W$PROGRESSDIALOG opcodes

       78 WPROGRESSDIALOG-CREATE               VALUE 1.
       78 WPROGRESSDIALOG-DESTROY              VALUE 2.
       78 WPROGRESSDIALOG-SET-PROGRESS         VALUE 3.
       78 WPROGRESSDIALOG-QUERY-CANCEL         VALUE 4.
       78 WPROGRESSDIALOG-SET-LINE             VALUE 5.
       78 WPROGRESSDIALOG-RESET-TIMER          VALUE 6.
       78 WPROGRESSDIALOG-C-COPY               VALUE 7.

      *  W$PROGRESSDIALOG flags

       78 WPROGRESSDIALOG-NORMAL               VALUE 0.
       78 WPROGRESSDIALOG-MODAL                VALUE 1.
       78 WPROGRESSDIALOG-AUTOTIME             VALUE 2.
       78 WPROGRESSDIALOG-NOTIME               VALUE 4.
       78 WPROGRESSDIALOG-NOMINIMIZE           VALUE 8.
       78 WPROGRESSDIALOG-NOPROGRESSBAR        VALUE 16.

      *  W$PROGRESSDIALOG animation types

       78 WPROGRESSDIALOG-ANIMATION-NONE       VALUE 0.
       78 WPROGRESSDIALOG-ANIMATION-FILECOPY   VALUE 1.
       78 WPROGRESSDIALOG-ANIMATION-FILEMOVE   VALUE 2.
       78 WPROGRESSDIALOG-ANIMATION-FILEDEL    VALUE 3.
       78 WPROGRESSDIALOG-ANIMATION-FILEDELR   VALUE 4.
       78 WPROGRESSDIALOG-ANIMATION-FILENUKE   VALUE 5.
       78 WPROGRESSDIALOG-ANIMATION-SEARCH     VALUE 6.
       78 WPROGRESSDIALOG-ANIMATION-FINDCOMP   VALUE 7.
       78 WPROGRESSDIALOG-ANIMATION-FINDFILE   VALUE 8.
       78 WPROGRESSDIALOG-ANIMATION-CUSTOM     VALUE 99.

      * end of acugui.def
       COPY "acucobol.def".
      * ACUCOBOL.DEF - Some useful ACUCOBOL definitions.
      * Last modified: 07-May-2001 TDC.

      * Copyright (C) 1992-1993,1995-2007,2010 Micro Focus.
      * All rights reserved.

       01  TERMINAL-ABILITIES.
           03  TERMINAL-NAME                   PIC X(10).
           03  FILLER                          PIC X.
               88  HAS-REVERSE                 VALUE "Y".
           03  FILLER                          PIC X.
               88  HAS-BLINK                   VALUE "Y".
           03  FILLER                          PIC X.
               88  HAS-UNDERLINE               VALUE "Y".
           03  FILLER                          PIC X.
               88  HAS-DUAL-INTENSITY          VALUE "Y".
           03  FILLER                          PIC X.
               88  HAS-132-COLUMN-MODE         VALUE "Y".
           03  FILLER                          PIC X.
               88  HAS-COLOR                   VALUE "Y".

C:\AcuSamples\Spell Checker\Source\SpellChecker.cbl Mon Jun 12 13:55:27 2017  ACUCOBOL-GT v10.1.1 Alpha (2017-06-08)  Page: 0018


           03  FILLER                          PIC X.
               88  HAS-LINE-DRAWING            VALUE "Y".
           03  NUMBER-OF-SCREEN-LINES          PIC 9(3).
           03  NUMBER-OF-SCREEN-COLUMNS        PIC 9(3).
           03  FILLER                          PIC X.
               88  HAS-LOCAL-PRINTER           VALUE "Y".
           03  FILLER                          PIC X.
               88  HAS-VISIBLE-ATTRIBUTES      VALUE "Y".
           03  FILLER                          PIC X.
               88  HAS-GRAPHICAL-INTERFACE     VALUE "Y".
           03  USABLE-SCREEN-HEIGHT            PIC X(2) COMP-X.
           03  USABLE-SCREEN-WIDTH             PIC X(2) COMP-X.
           03  PHYSICAL-SCREEN-HEIGHT          PIC X(2) COMP-X.
           03  PHYSICAL-SCREEN-WIDTH           PIC X(2) COMP-X.
           03  FILLER                          PIC X.
               88  IS-REMOTE                   VALUE "Y".
           03  CLIENT-MACHINE-NAME             PIC X(64).
           03  FILLER                          PIC X.
               88  ACU-NO-TERMINAL             VALUE "Y".
           03  CLIENT-USER-ID                  PIC X(20).

       01  SYSTEM-INFORMATION.
           03  OPERATING-SYSTEM                PIC X(10).
               88  OS-IS-MSDOS                 VALUE "MS-DOS".
               88  OS-IS-OS2                   VALUE "OS/2".
               88  OS-IS-VMS                   VALUES "VMS",
                                               "VAX/VMS".
               88  OS-IS-UNIX                  VALUES "Unix",
                                                      "Unix-V", "Unix-4",
                                                      "UNOS".
               88  OS-IS-AOS                   VALUE "AOS/VS".
               88  OS-IS-WINDOWS               VALUE "WINDOWS".
               88  OS-IS-WIN-NT                VALUE "WIN/NT".
               88  OS-IS-WIN-FAMILY            VALUES "WINDOWS",
                                                      "WIN/NT".
               88  OS-IS-AMOS                  VALUE "AMOS".
               88  OS-IS-MPE                   VALUE "MPE/iX".
               88  OS-IS-MPEIX                 VALUE "MPE/iX".
           03  USER-ID                         PIC X(12).
           03  STATION-ID                      PIC X(12).
           03  FILLER                          PIC X.
               88  HAS-INDEXED-READ-PREVIOUS   VALUE "Y".
           03  FILLER                          PIC X.
               88  HAS-RELATIVE-READ-PREVIOUS  VALUE "Y".
           03  FILLER                          PIC X.
               88  CAN-TEST-INPUT-STATUS       VALUE "Y".
           03  FILLER                          PIC X.
               88  IS-MULTI-TASKING            VALUE "Y".
           03  RUNTIME-VERSION.
               88  VERSION-PRIOR-TO-2-2        VALUE SPACES.
               05  RUNTIME-MAJOR-VERSION       PIC 99.
               05  RUNTIME-MINOR-VERSION       PIC 99.
               05  RUNTIME-RELEASE             PIC 99.
           03  FILLER                          PIC X.
               88  IS-PLUGIN                   VALUE "Y".
           03  SERIAL-NUMBER                   PIC X(20).
           03  FILLER                          PIC X.

C:\AcuSamples\Spell Checker\Source\SpellChecker.cbl Mon Jun 12 13:55:27 2017  ACUCOBOL-GT v10.1.1 Alpha (2017-06-08)  Page: 0019


               88  HAS-LARGE-FILE-SUPPORT      VALUE "Y".
           03  FILLER                          PIC X.
               88  HAS-BIS-SUPPORT             VALUE "Y".
           03  FILLER                          PIC X.
               88  IS-64-BIT                   VALUE "Y".

       01  BROWSERINFO-DATA.
           03  USER-AGENT-STRING               PIC X(50).
           03  BROWSER-MAJOR-VERSION           PIC X COMP-X.
           03  BROWSER-MINOR-VERSION           PIC X COMP-X.

       78  BLACK                               VALUE 1.
       78  BLUE                                VALUE 2.
       78  GREEN                               VALUE 3.
       78  CYAN                                VALUE 4.
       78  RED                                 VALUE 5.
       78  MAGENTA                             VALUE 6.
       78  BROWN                               VALUE 7.
       78  WHITE                               VALUE 8.
       78  DARK-GRAY                           VALUE 9.
       78  BRIGHT-BLUE                         VALUE 10.
       78  BRIGHT-GREEN                        VALUE 11.
       78  BRIGHT-CYAN                         VALUE 12.
       78  BRIGHT-RED                          VALUE 13.
       78  BRIGHT-MAGENTA                      VALUE 14.
       78  YELLOW                              VALUE 15.
       78  BRIGHT-WHITE                        VALUE 16.
       78  BCKGRND-BLACK                       VALUE 32.
       78  BCKGRND-BLUE                        VALUE 64.
       78  BCKGRND-GREEN                       VALUE 96.
       78  BCKGRND-CYAN                        VALUE 128.
       78  BCKGRND-RED                         VALUE 160.
       78  BCKGRND-MAGENTA                     VALUE 192.
       78  BCKGRND-BROWN                       VALUE 224.
       78  BCKGRND-WHITE                       VALUE 256.
       78  BCKGRND-DARK-GRAY                   VALUE 288.
       78  BCKGRND-BRIGHT-BLUE                 VALUE 320.
       78  BCKGRND-BRIGHT-GREEN                VALUE 352.
       78  BCKGRND-BRIGHT-CYAN                 VALUE 384.
       78  BCKGRND-BRIGHT-RED                  VALUE 416.
       78  BCKGRND-BRIGHT-MAGENTA              VALUE 448.
       78  BCKGRND-YELLOW                      VALUE 480.
       78  BCKGRND-BRIGHT-WHITE                VALUE 512.
       78  COLOR-REVERSE                       VALUE 1024.
       78  FRGRND-LOW                          VALUE 2048.
       78  FRGRND-HIGH                         VALUE 4096.
       78  COLOR-UNDERLINE                     VALUE 8192.
       78  COLOR-BLINK                         VALUE 16384.
       78  COLOR-PROTECTED                     VALUE 32768.
       78  BCKGRND-LOW                         VALUE 65536.
       78  BCKGRND-HIGH                        VALUE 131072.
       78  WINDOW-BRIGHT-WHITE                 VALUE 131328.

      *  Options for C$RERR STATUS-TYPE

       78  GET-FILE-STATUS                     VALUE 1.
       78  GET-TRANSACTION-STATUS              VALUE 2.

C:\AcuSamples\Spell Checker\Source\SpellChecker.cbl Mon Jun 12 13:55:27 2017  ACUCOBOL-GT v10.1.1 Alpha (2017-06-08)  Page: 0020



      *  Opcodes for C$FILESYS

       78  START-FILESYSTEM-LIST               VALUE 0.
       78  CONTINUE-FILESYSTEM-LIST            VALUE 1.
       78  CHECK-FOR-FILESYSTEM                VALUE 2.
       78  NUMBER-OF-FILESYSTEMS               VALUE 3.

       77  FILESYSTEM                          PIC X(5).

      * Flags for "C$SYSTEM"

       78  CSYS-ASYNC                          VALUE 1.
       78  CSYS-NO-IO                          VALUE 2.
       78  CSYS-MAXIMIZED                      VALUE 4.
       78  CSYS-MINIMIZED                      VALUE 8.
       78  CSYS-COMPATIBILITY                  VALUE 16.
       78  CSYS-HIDDEN                         VALUE 32.
       78  CSYS-SHELL                          VALUE 64.
       78  CSYS-DESKTOP                        VALUE 128.

      * Return codes for "C$PING"

       78  CPING_OK                            VALUE 0.
       78  CPING_NO_CLIENT                     VALUE 1.
       78  CPING_PARAM_ERROR                   VALUE 2.
       78  CPING_CONN_REFUSED                  VALUE 3.
       78  CPING_VERSION_ERROR                 VALUE 4.
       78  CPING_SOCKET_ERROR                  VALUE 5.

      * Opcodes for C$LIST-DIRECTORY

       78  LISTDIR-OPEN                        VALUE 1.
       78  LISTDIR-NEXT                        VALUE 2.
       78  LISTDIR-CLOSE                       VALUE 3.

      * The file information group passed to C$LIST-DIRECTORY
       01  LISTDIR-FILE-INFORMATION.
           03  LISTDIR-FILE-TYPE               PIC X.
               88  LISTDIR-FILE-TYPE-BLOCK-DEVICE          VALUE "B".
               88  LISTDIR-FILE-TYPE-CHARACTER-DEVICE      VALUE "C".
               88  LISTDIR-FILE-TYPE-DIRECTORY             VALUE "D".
               88  LISTDIR-FILE-TYPE-REGULAR-FILE          VALUE "F".
               88  LISTDIR-FILE-TYPE-PIPE                  VALUE "P".
               88  LISTDIR-FILE-TYPE-SOCKET                VALUE "S".
               88  LISTDIR-FILE-TYPE-UNKNOWN               VALUE "U".
           03  LISTDIR-FILE-CREATION-TIME.
               05  LDFC-YEAR                   PIC XX COMP-X.
               05  LDFC-MONTH                  PIC X COMP-X.
               05  LDFC-DAY                    PIC X COMP-X.
               05  LDFC-HOUR                   PIC X COMP-X.
               05  LDFC-MINUTE                 PIC X COMP-X.
               05  LDFC-SECOND                 PIC X COMP-X.
               05  LDFC-HUNDRETHS              PIC X COMP-X.
           03  LISTDIR-FILE-LAST-ACCESS-TIME.
               05  LDFLA-YEAR                  PIC XX COMP-X.
               05  LDFLA-MONTH                 PIC X COMP-X.

C:\AcuSamples\Spell Checker\Source\SpellChecker.cbl Mon Jun 12 13:55:27 2017  ACUCOBOL-GT v10.1.1 Alpha (2017-06-08)  Page: 0021


               05  LDFLA-DAY                   PIC X COMP-X.
               05  LDFLA-HOUR                  PIC X COMP-X.
               05  LDFLA-MINUTE                PIC X COMP-X.
               05  LDFLA-SECOND                PIC X COMP-X.
               05  LDFLA-HUNDRETHS             PIC X COMP-X.
           03  LISTDIR-FILE-LAST-MODIFICATION-TIME.
               05  LDFLM-YEAR                  PIC XX COMP-X.
               05  LDFLM-MONTH                 PIC X COMP-X.
               05  LDFLM-DAY                   PIC X COMP-X.
               05  LDFLM-HOUR                  PIC X COMP-X.
               05  LDFLM-MINUTE                PIC X COMP-X.
               05  LDFLM-SECOND                PIC X COMP-X.
               05  LDFLM-HUNDRETHS             PIC X COMP-X.
           03  LISTDIR-FILE-SIZE               PIC X(8) COMP-X.

      * Opcodes for C$XML

       78  CXML-PARSE-FILE                     VALUE 1.
       78  CXML-RELEASE-PARSER                 VALUE 2.
       78  CXML-GET-FIRST-CHILD                VALUE 3.
       78  CXML-GET-NEXT-SIBLING               VALUE 4.
       78  CXML-GET-PARENT                     VALUE 5.
       78  CXML-GET-DATA                       VALUE 6.
       78  CXML-GET-ATTRIBUTE-COUNT            VALUE 7.
       78  CXML-GET-ATTRIBUTE                  VALUE 8.
       78  CXML-GET-LAST-ERROR                 VALUE 9.
       78  CXML-OPEN-FILE                      VALUE 10.
       78  CXML-PARSE-STRING                   VALUE 11.
       78  CXML-PARSE-NEXT-RECORD              VALUE 12.
       78  CXML-GET-PREV-SIBLING               VALUE 13.
       78  CXML-NEW-PARSER                     VALUE 14.
       78  CXML-GET-ATTRIBUTE-BY-NAME          VALUE 15.
       78  CXML-GET-CHILD-BY-NAME              VALUE 16.
       78  CXML-GET-CHILD-BY-CDATA             VALUE 17.
       78  CXML-GET-CHILD-BY-ATTR-NAME         VALUE 18.
       78  CXML-GET-CHILD-BY-ATTR-VALUE        VALUE 19.
       78  CXML-GET-SIBLING-BY-NAME            VALUE 20.
       78  CXML-GET-SIBLING-BY-CDATA           VALUE 21.
       78  CXML-GET-SIBLING-BY-ATTR-NAME       VALUE 22.
       78  CXML-GET-SIBLING-BY-ATTR-VALUE      VALUE 23.
       78  CXML-GET-COMMENT                    VALUE 24.
       78  CXML-SET-DATA                       VALUE 25.
       78  CXML-MODIFY-ATTRIBUTE-VALUE         VALUE 26.
       78  CXML-ADD-CHILD                      VALUE 27.
       78  CXML-ADD-SIBLING                    VALUE 28.
       78  CXML-ADD-ATTRIBUTE                  VALUE 29.
       78  CXML-ADD-COMMENT                    VALUE 30.
       78  CXML-APPEND-COMMENT                 VALUE 31.
       78  CXML-DELETE-ATTRIBUTE               VALUE 32.
       78  CXML-DELETE-ELEMENT                 VALUE 33.
       78  CXML-DELETE-COMMENT                 VALUE 34.
       78  CXML-WRITE-FILE                     VALUE 35.
       78  CXML-GET-PROC-INSTR-COUNT           VALUE 36.
       78  CXML-GET-PROC-INSTR                 VALUE 37.
       78  CXML-SET-PROC-INSTR                 VALUE 38.
       78  CXML-GET-VERSION                    VALUE 39.
       78  CXML-SET-VERSION                    VALUE 40.

C:\AcuSamples\Spell Checker\Source\SpellChecker.cbl Mon Jun 12 13:55:27 2017  ACUCOBOL-GT v10.1.1 Alpha (2017-06-08)  Page: 0022


       78  CXML-GET-ENCODING                   VALUE 41.
       78  CXML-SET-ENCODING                   VALUE 42.
       78  CXML-GET-STANDALONE                 VALUE 43.
       78  CXML-SET-STANDALONE                 VALUE 44.
       78  CXML-GET-RAW-DOCTYPE-LEN            VALUE 45.
       78  CXML-GET-RAW-DOCTYPE                VALUE 46.
       78  CXML-SET-RAW-DOCTYPE                VALUE 47.
       78  CXML-WRITE-STRING                   VALUE 48.

      * Error codes for C$XML

      * Unable to create parser due to low memory
       78  CXML-NO-MEMORY                      VALUE 1.
      * Unable to create parser - expat error
       78  CXML-EXPAT-ERROR                    VALUE 2.
      * Unable to open named file
       78  CXML-FILE-OPEN-ERROR                VALUE 3.
      * Invalid XML file or other parsing error
       78  CXML-PARSE-ERROR                    VALUE 4.
      * The passed handle is not a valid parser handle
       78  CXML-INVALID-PARSER-HANDLE          VALUE 5.
      * The passed handle is not a valid element handle
       78  CXML-INVALID-ELEMENT-HANDLE         VALUE 6.
      * Invalid attribute number
       78  CXML-INVALID-ATTRIBUTE-NUMBER       VALUE 7.
      * The URL given could not be accessed
       78  CXML-URL-ERROR                      VALUE 8.
      * The XML parser is not available on this machine
       78  CXML-NOT-AVAILABLE                  VALUE 9.
      * The specified element has no children
       78  CXML-NO-CHILDREN                    VALUE 10.
      * The specified element has no siblings
       78  CXML-NO-SIBLINGS                    VALUE 11.
      * The specified element is a top-level element
       78  CXML-NO-PARENT                      VALUE 12.
      * The specified element has no value
       78  CXML-NO-VALUE                       VALUE 13.
      * The specified element has no attributes
       78  CXML-NO-ATTRIBUTES                  VALUE 14.
      * The regular expression given caused an error
       78  CXML-REGEXP-ERROR                   VALUE 15.
      * The specified parser already has a top-level element
       78  CXML-TOP-LEVEL                      VALUE 16.
      * The specified processing instruction number does not exist
       78  CXML-INVALID-PROC-INSTR-NUMBER      VALUE 17.
      * No processing instructions are available
       78  CXML-NO-PROCESSING-INSTRUCTIONS     VALUE 18.

      * Opcodes for C$CONFIG (not many yet, but open for expansion)

       78  CCONFIG-RESET                       VALUE 1.

      * Opcodes for C$REGEXP

       78  AREGEXP-GET-LEVEL                   VALUE 1.
       78  AREGEXP-COMPILE                     VALUE 2.
       78  AREGEXP-MATCH                       VALUE 3.

C:\AcuSamples\Spell Checker\Source\SpellChecker.cbl Mon Jun 12 13:55:27 2017  ACUCOBOL-GT v10.1.1 Alpha (2017-06-08)  Page: 0023


       78  AREGEXP-RELEASE-MATCH               VALUE 4.
       78  AREGEXP-RELEASE                     VALUE 5.
       78  AREGEXP-NUMGROUPS                   VALUE 6.
       78  AREGEXP-GETMATCH                    VALUE 7.
       78  AREGEXP-LAST-ERROR                  VALUE 20.

      * FLAGS for AREGEXP-COMPILE

       78  AREGEXP-COMPILE-IGNORECASE          VALUE 1.
       78  AREGEXP-COMPILE-BASIC               VALUE 2.
       78  AREGEXP-COMPILE-NO-SPECIAL          VALUE 4.
       78  AREGEXP-COMPILE-NO-SUB              VALUE 8.
       78  AREGEXP-COMPILE-NEWLINE             VALUE 16.
       78  AREGEXP-COMPILE-NO-REGEXP           VALUE 32.

      * Error codes for C$REGEXP

       78  AREGEXP-ERROR-NO-ERROR              VALUE 0.
       78  AREGEXP-ERROR-NO-MEMORY             VALUE 1.
       78  AREGEXP-ERROR-BRACE-EXPECTED        VALUE 2.
       78  AREGEXP-ERROR-PAREN-EXPECTED        VALUE 3.
       78  AREGEXP-ERROR-BRACKET-EXPECTED      VALUE 4.
       78  AREGEXP-ERROR-UNEXPECTED            VALUE 5.
       78  AREGEXP-ERROR-EMPTY-RANGE           VALUE 6.
       78  AREGEXP-ERROR-INVALID-GROUP         VALUE 7.
       78  AREGEXP-ERROR-INVALID-RANGE         VALUE 8.
       78  AREGEXP-ERROR-EMPTY-REPEATOP        VALUE 9.
       78  AREGEXP-ERROR-INVALID-INPUT         VALUE 10.
       78  AREGEXP-ERROR-INVALID-HANDLE        VALUE 11.
       78  AREGEXP-ERROR-INVALID-ARGUMENT      VALUE 12.
       78  AREGEXP-ERROR-INVALID-CALL-SEQ      VALUE 13.
       78  AREGEXP-ERROR-NO-MATCH              VALUE 14.

      * Return codes for C$REGEXP AREGEXP-GET-LEVEL

       78  AREGEXP-NONE                        VALUE 0.
       78  AREGEXP-WINDOWS                     VALUE 1.
       78  AREGEXP-POSIX                       VALUE 2.

      * Opcodes for C$SYSLOG

       78  CSYSLOG-OPEN                        VALUE 0.
       78  CSYSLOG-WRITE                       VALUE 1.
       78  CSYSLOG-CLOSE                       VALUE 2.

      * Priority codes for C$SYSLOG

       78  CSYSLOG-PRIORITY-SUCCESS            VALUE 0.
       78  CSYSLOG-PRIORITY-INFORMATION        VALUE 1.
       78  CSYSLOG-PRIORITY-WARNING            VALUE 2.
       78  CSYSLOG-PRIORITY-ERROR              VALUE 3.

      * end of acucobol.def
       COPY "crtvars.def".
      * CRTVARS.DEF - definitions of commonly needed screen handling variables
      * Date written: 27-Aug-96 - TDC.


C:\AcuSamples\Spell Checker\Source\SpellChecker.cbl Mon Jun 12 13:55:27 2017  ACUCOBOL-GT v10.1.1 Alpha (2017-06-08)  Page: 0024


      * Copyright (C) 1996 Micro Focus. All rights reserved.

       01  EVENT-STATUS
           IS SPECIAL-NAMES EVENT STATUS.
           03  EVENT-TYPE                      PIC X(4) COMP-X.
           03  EVENT-WINDOW-HANDLE             HANDLE OF WINDOW.
           03  EVENT-CONTROL-HANDLE            HANDLE.
           03  EVENT-CONTROL-ID                PIC XX COMP-X.
           03  EVENT-DATA-1                    SIGNED-SHORT.
           03  EVENT-DATA-2                    SIGNED-LONG.
           03  EVENT-ACTION                    PIC X COMP-X.

       01  SCREEN-CONTROL
           IS SPECIAL-NAMES SCREEN CONTROL.
           03  ACCEPT-CONTROL                  PIC 9.
           03  CONTROL-VALUE                   PIC 999.
           03  CONTROL-HANDLE                  HANDLE.
           03  CONTROL-ID                      PIC XX COMP-X.

      * End of CRTVARS.DEF
       COPY "fonts.def".
      * FONTS.DEF - Definitions for the W$FONT routine
      * Last modified: 03-Jun-1996 - TDC.

      * Copyright (C) 1996,2000-2003,2009 Micro Focus.
      * All rights reserved.

      * Opcodes

       78  WFONT-SUPPORTED                     VALUE 1.
       78  WFONT-CHOOSE-FONT                   VALUE 2.
       78  WFONT-GET-FONT                      VALUE 101.
       78  WFONT-GET-CLOSEST-FONT              VALUE 102.
       78  WFONT-DESCRIBE-FONT                 VALUE 106.

      * W$FONT return codes

       78  WFONT-FONT-SUPPORT                  VALUE 1.
       78  WFONT-FULL-SUPPORT                  VALUE 2.

       78  WFONTERR-UNSUPPORTED                VALUE 0.
       78  WFONTERR-CANCELLED                  VALUE -1.
       78  WFONTERR-FONT-NOT-FOUND             VALUE -2.
       78  WFONTERR-INVALID-HANDLE             VALUE -3.

      * WFONT-CHOOSE-FLAGS values

       78  WFCHOOSE-FIXED-ONLY                 VALUE 1.
       78  WFCHOOSE-INITIALIZE                 VALUE 2.
       78  WFCHOOSE-EFFECTS-OK                 VALUE 4.
       78  WFCHOOSE-ANSI-ONLY                  VALUE 8.

       01  WFONT-DATA.
           03  WFONT-FACE-DATA.
               05  WFONT-DEVICE                HANDLE, VALUE NULL.
                   88  WFDEVICE-CONSOLE        VALUE NULL.
                   88  WFDEVICE-WIN-PRINTER    VALUE 1.

C:\AcuSamples\Spell Checker\Source\SpellChecker.cbl Mon Jun 12 13:55:27 2017  ACUCOBOL-GT v10.1.1 Alpha (2017-06-08)  Page: 0025


               05  WFONT-NAME                  PIC X(33).
               05  WFONT-CHAR-SET              PIC X COMP-X.
                   88  WFCHARSET-DONT-CARE       VALUE 0.
                   88  WFCHARSET-DEFAULT         VALUE 1.
                   88  WFCHARSET-WIN-OEM         VALUE 2.
                   88  WFCHARSET-WIN-SYMBOL      VALUE 3.
                   88  WFCHARSET-WIN-SHIFTJIS    VALUE 4.
                   88  WFCHARSET-WIN-HANGUL      VALUE 5.
                   88  WFCHARSET-WIN-GB2312      VALUE 6.
                   88  WFCHARSET-WIN-CHINESEBIG5 VALUE 7.
                   88  WFCHARSET-WIN-JOHAB       VALUE 8.
                   88  WFCHARSET-WIN-HEBREW      VALUE 9.
                   88  WFCHARSET-WIN-ARABIC      VALUE 10.
                   88  WFCHARSET-WIN-GREEK       VALUE 11.
                   88  WFCHARSET-WIN-TURKISH     VALUE 12.
                   88  WFCHARSET-WIN-VIETNAMESE  VALUE 13.
                   88  WFCHARSET-WIN-THAI        VALUE 14.
                   88  WFCHARSET-WIN-EASTEUROPE  VALUE 15.
                   88  WFCHARSET-WIN-RUSSIAN     VALUE 16.
                   88  WFCHARSET-WIN-MAC         VALUE 17.
                   88  WFCHARSET-WIN-BALTIC      VALUE 18.
               05  WFONT-SIZE                  PIC X COMP-X.
               05  WFONT-BOLD-STATE            PIC X COMP-X.
                   88  WFONT-BOLD              VALUE 1, FALSE ZERO.
               05  WFONT-ITALIC-STATE          PIC X COMP-X.
                   88  WFONT-ITALIC            VALUE 1, FALSE ZERO.
               05  WFONT-UNDERLINE-STATE       PIC X COMP-X.
                   88  WFONT-UNDERLINE         VALUE 1, FALSE ZERO.
               05  WFONT-STRIKEOUT-STATE       PIC X COMP-X.
                   88  WFONT-STRIKEOUT         VALUE 1, FALSE ZERO.
               05  WFONT-PITCH-STATE           PIC X COMP-X.
                   88  WFONT-FIXED-PITCH       VALUE 1, FALSE ZERO.
               05  WFONT-FAMILY                PIC X COMP-X.
                   88  WFFAMILY-DONT-CARE      VALUE 0.
                   88  WFFAMILY-MODERN         VALUE 1.
                   88  WFFAMILY-ROMAN          VALUE 2.
                   88  WFFAMILY-SWISS          VALUE 3.
                   88  WFFAMILY-SCRIPT         VALUE 4.
                   88  WFFAMILY-DECORATIVE     VALUE 5.
           03  WFONT-CHOOSE-DATA.
               05  WFONT-CHOOSE-FLAGS          PIC X COMP-X.
               05  WFONT-CHOOSE-MIN-SIZE       PIC X COMP-X.
               05  WFONT-CHOOSE-MAX-SIZE       PIC X COMP-X.
               05  WFONT-CHOOSE-RED            PIC X COMP-X.
               05  WFONT-CHOOSE-GREEN          PIC X COMP-X.
               05  WFONT-CHOOSE-BLUE           PIC X COMP-X.
               05  WFONT-CHOOSE-COLOR-NUM      PIC X COMP-X.
           03  WFONT-ANGLE                     PIC X(2) COMP-X.
      * end of fonts.def
       COPY "activex.def".
      * ACTIVEX.DEF - useful definitions for ActiveX and COM.
      * Last modified: 06-Feb-03 - DL

      * Copyright (C) 1999,2003,2005 Micro Focus. All rights reserved.

      * Error information structure for use with C$EXCEPINFO:
       01  ERROR-INFO.

C:\AcuSamples\Spell Checker\Source\SpellChecker.cbl Mon Jun 12 13:55:27 2017  ACUCOBOL-GT v10.1.1 Alpha (2017-06-08)  Page: 0026


           03  ERROR-INFO-RESULT   USAGE UNSIGNED-INT.
           03  ERROR-INFO-FACILITY USAGE UNSIGNED-SHORT.
      * Facilities
               88  FACILITY-ACU                      VALUE 4.
               88  FACILITY-ACTIVE-X                 VALUE 10.
           03  ERROR-INFO-CODE     USAGE UNSIGNED-SHORT.
      * FACILITY-ACU error codes
      * Class not registered
               88  ACU-E-CLASSNOTREGISTERED          VALUE 340.
      * Unexpected error
               88  ACU-E-UNEXPECTED                  VALUE 8192.
      * Invalid parameter name
               88  ACU-E-INVALIDPARAMNAME            VALUE 8193.
      * Invalid handle
               88  ACU-E-INVALIDHANDLE               VALUE 8194.
      * Error loading INITIAL-STATE from resource file
               88  ACU-E-INITIALSTATE                VALUE 8195.
      * No exception information available
               88  ACU-E-NOEXCEPINFO                 VALUE 8196.
      * Invalid property number
               88  ACU-E-INVALIDPROPNUM              VALUE 8197.
      * Too many parameters
               88  ACU-E-TOOMANYPARAMS               VALUE 8198.
      * Too few parameters
               88  ACU-E-TOOFEWPARAMS                VALUE 8199.
      * Property can be modified but not inquired
               88  ACU-E-NOTPROPERTYGET              VALUE 8200.
      * Property can be inquired but not modified
               88  ACU-E-NOTPROPERTYPUT              VALUE 8201.
      * Error creating ActiveX control
               88  ACU-E-CREATE                      VALUE 8202.


      * FACILITY-ACTIVE-X error codes:
               88  AX-E-ILLEGALFUNCTIONCALL          VALUE 5.
               88  AX-E-OVERFLOW                     VALUE 6.
               88  AX-E-OUTOFMEMORY                  VALUE 7.
               88  AX-E-DIVISIONBYZERO               VALUE 11.
               88  AX-E-OUTOFSTRINGSPACE             VALUE 14.
               88  AX-E-OUTOFSTACKSPACE              VALUE 28.
               88  AX-E-BADFILENAMEORNUMBER          VALUE 52.
               88  AX-E-FILENOTFOUND                 VALUE 53.
               88  AX-E-BADFILEMODE                  VALUE 54.
               88  AX-E-FILEALREADYOPEN              VALUE 55.
               88  AX-E-DEVICEIOERROR                VALUE 57.
               88  AX-E-FILEALREADYEXISTS            VALUE 58.
               88  AX-E-BADRECORDLENGTH              VALUE 59.
               88  AX-E-DISKFULL                     VALUE 61.
               88  AX-E-BADRECORDNUMBER              VALUE 63.
               88  AX-E-BADFILENAME                  VALUE 64.
               88  AX-E-TOOMANYFILES                 VALUE 67.
               88  AX-E-DEVICEUNAVAILABLE            VALUE 68.
               88  AX-E-PERMISSIONDENIED             VALUE 70.
               88  AX-E-DISKNOTREADY                 VALUE 71.
               88  AX-E-PATHFILEACCESSERROR          VALUE 75.
               88  AX-E-PATHNOTFOUND                 VALUE 76.
               88  AX-E-INVALIDPATTERNSTRING         VALUE 93.

C:\AcuSamples\Spell Checker\Source\SpellChecker.cbl Mon Jun 12 13:55:27 2017  ACUCOBOL-GT v10.1.1 Alpha (2017-06-08)  Page: 0027


               88  AX-E-INVALIDUSEOFNULL             VALUE 94.
               88  AX-E-INVALIDFILEFORMAT            VALUE 321.
               88  AX-E-INVALIDPROPERTYVALUE         VALUE 380.
               88  AX-E-INVALIDPROPERTYARRAYINDEX    VALUE 381.
               88  AX-E-SETNOTSUPPORTEDATRUNTIME     VALUE 382.
               88  AX-E-SETNOTSUPPORTED              VALUE 383.
               88  AX-E-NEEDPROPERTYARRAYINDEX       VALUE 385.
               88  AX-E-SETNOTPERMITTED              VALUE 387.
               88  AX-E-GETNOTSUPPORTEDATRUNTIME     VALUE 393.
               88  AX-E-GETNOTSUPPORTED              VALUE 394.
               88  AX-E-PROPERTYNOTFOUND             VALUE 422.
               88  AX-E-INVALIDCLIPBOARDFORMAT       VALUE 460.
               88  AX-E-INVALIDPICTURE               VALUE 481.
               88  AX-E-PRINTERERROR                 VALUE 482.
               88  AX-E-CANTSAVEFILETOTEMP           VALUE 735.
               88  AX-E-SEARCHTEXTNOTFOUND           VALUE 744.
               88  AX-E-REPLACEMENTSTOOLONG          VALUE 746.

      *  Standard OLE-COLOR Values:
       78  OLE-BLACK               VALUE X#000000.
       78  OLE-RED                 VALUE X#0000FF.
       78  OLE-GREEN               VALUE X#00FF00.
       78  OLE-YELLOW              VALUE X#00FFFF.
       78  OLE-BLUE                VALUE X#FF0000.
       78  OLE-MAGENTA             VALUE X#FF00FF.
       78  OLE-CYAN                VALUE X#FFFF00.
       78  OLE-WHITE               VALUE X#FFFFFF.

      * C$RESOURCE opcodes

       78  CRESOURCE-LOAD          VALUE 1.
       78  CRESOURCE-DESTROY       VALUE 2.

      * VARIANT types
       78  VT-NULL                 VALUE 1.
       78  VT-I2                   VALUE 2.
       78  VT-I4                   VALUE 3.
       78  VT-R4                   VALUE 4.
       78  VT-R8                   VALUE 5.
       78  VT-CY                   VALUE 6.
       78  VT-DATE                 VALUE 7.
       78  VT-BSTR                 VALUE 8.
       78  VT-DISPATCH             VALUE 9.
       78  VT-ERROR                VALUE 10.
       78  VT-BOOL                 VALUE 11.
       78  VT-VARIANT              VALUE 12.
       78  VT-UNKNOWN              VALUE 13.
       78  VT-DECIMAL              VALUE 14.
       78  VT-I1                   VALUE 16.
       78  VT-UI1                  VALUE 17.
       78  VT-UI2                  VALUE 18.
       78  VT-UI4                  VALUE 19.
       78  VT-I8                   VALUE 20.
       78  VT-UI8                  VALUE 21.
       78  VT-INT                  VALUE 22.
       78  VT-UINT                 VALUE 23.
       78  VT-VOID                 VALUE 24.

C:\AcuSamples\Spell Checker\Source\SpellChecker.cbl Mon Jun 12 13:55:27 2017  ACUCOBOL-GT v10.1.1 Alpha (2017-06-08)  Page: 0028


       78  VT-HRESULT              VALUE 25.
       78  VT-PTR                  VALUE 26.
       78  VT-SAFEARRAY            VALUE 27.
       78  VT-CARRAY               VALUE 28.
       78  VT-USERDEFINED          VALUE 29.
       78  VT-LPSTR                VALUE 30.
       78  VT-LPWSTR               VALUE 31.
       78  VT-RECORD               VALUE 36.
       78  VT-FILETIME             VALUE 64.
       78  VT-BLOB                 VALUE 65.
       78  VT-STREAM               VALUE 66.
       78  VT-STORAGE              VALUE 67.
       78  VT-STREAMED-OBJECT      VALUE 68.
       78  VT-STORED-OBJECT        VALUE 69.
       78  VT-BLOB-OBJECT          VALUE 70.
       78  VT-CF                   VALUE 71.
       78  VT-CLSID                VALUE 72.

       COPY "showmsg.def".
      * showmsg.def

      * Copyright (C) 1999,2006 Micro Focus. All rights reserved.

       01 Extend-Stat.
           03 Primary-Error              PIC X(2).
           03 Secondary-Error            PIC X(10).
       01 Text-Message                   PIC X(40).

       01 Acu-Show-Msg.
          05 Acu-Call-Fail-Code     PIC X(2).
          05 Acu-Msg-Id             PIC 9(3).
          05 Acu-Err-File           PIC X(30).

      * for message display
       78 Acu-Length VALUE 80.
       78 Acu-Full-Len VALUE 250.
       01 Acu-Msg-BOX.
      * Mb-Default-Icon, Mb-Warning-Icon, Mb-Error-Icon, 4:QUESTION
          05 Acu-Icon-Type PIC 9 VALUE 1.
      * Mb-Yes, Mb-No, Mb-Cancel
          05 Acu-Default-Button PIC 9 VALUE 1.
      * Mb-Ok, Mb-Yes-No, Mb-Ok-Cancel, Mb-Yes-No-Cancel
          05 Acu-Button-Type PIC 9 VALUE 1.
      * Mb-Yes, Mb-No, Mb-Cancel
          05 Acu-Return-Value PIC 9 VALUE 1.
          05 Acu-Msg-1 PIC X(Acu-Length).
          05 Acu-Msg-2 PIC X(Acu-Length).
          05 Acu-Msg-3 PIC X(Acu-Length).
          05 Acu-Msg-Text PIC X(Acu-Full-Len).

          05 Acu-Text-Ptr             SIGNED-SHORT.
          05 Acu-Size                 SIGNED-SHORT.


       77 Acu-Idx1                    PIC 9(3).
       77 Acu-Idx2                    PIC 9(3).
       77 Acu-Idx3                    PIC 9(3).

C:\AcuSamples\Spell Checker\Source\SpellChecker.cbl Mon Jun 12 13:55:27 2017  ACUCOBOL-GT v10.1.1 Alpha (2017-06-08)  Page: 0029


      *{Bench}end

      *{Bench}copy-working
       COPY "SpellChecker.wrk".
      * SpellChecker.wrk
      * SpellChecker.wrk is generated from C:\AcuSamples\Spell Checker\SpellChecker.Psf
      * This is a generated file. DO NOT modify this file directly.

       77 Quit-Mode-Flag PIC S9(5) COMP-4 VALUE 0.
       77 Key-Status IS SPECIAL-NAMES CRT STATUS PIC 9(4) VALUE 0.
           88 Exit-Pushed VALUE 27.
           88 Message-Received VALUE 95.
           88 Event-Occurred VALUE 96.
           88 Screen-No-Input-Field VALUE 97.
      * property-defined variable

      * user-defined variable
       77 Form1-Handle
                  USAGE IS HANDLE OF WINDOW VALUE NULL.
       77 DataEntryField-Value         PIC  x(1024)
                  VALUE IS "Here is somme sample datta that lookks bette
      -    "r when spelledd correctly!".
       77 Arial12BI
                  USAGE IS HANDLE OF FONT VALUE NULL.
       77 ActiveX-Res
                  USAGE IS HANDLE OF RESOURCE VALUE NULL.
       77 Form1-Ef-2-Value PIC  X(21)
                  VALUE IS "www.polarsoftware.com".
      *{Bench}end
       LINKAGE                     SECTION.
      *{Bench}linkage
      *{Bench}end
       SCREEN                      SECTION.
      *{Bench}copy-screen
       COPY "SpellChecker.scr".
      * SpellChecker.scr
      * SpellChecker.scr is generated from C:\AcuSamples\Spell Checker\SpellChecker.Psf
      * This is a generated file. DO NOT modify this file directly.

       01 DataEntryScreen.
           03 Form1-Fr-1a, Frame,
              COL 2.40, LINE 1.30, LINES 30.40 CELLS, SIZE 49.10 CELLS,
              ENGRAVED, ID IS 2, BACKGROUND-LOW.
           03 DataEntryField, Entry-Field,
              COL 5.60, LINE 11.80, LINES 14.40 CELLS,
              SIZE 42.60 CELLS,
              3-D, ID IS 3, MULTILINE, VALUE DataEntryField-Value.
           03 SpellCheckButton, Push-Button,
              COL 5.60, LINE 28.00, LINES 2.40 CELLS, SIZE 21.30 CELLS,
              ID IS 7,
              TITLE "Check &Spelling",
              EXCEPTION PROCEDURE SpellCheckButton-Exception-Proc.
           03 ExitButton, Push-Button,
              COL 26.90, LINE 28.00, LINES 2.40 CELLS,
              SIZE 21.30 CELLS,
              ID IS 12,
              TITLE "E&xit Program",

C:\AcuSamples\Spell Checker\Source\SpellChecker.cbl Mon Jun 12 13:55:27 2017  ACUCOBOL-GT v10.1.1 Alpha (2017-06-08)  Page: 0030


              EXCEPTION PROCEDURE ExitButton-Exception-Proc.
           03 Form1-La-1aa, Label,
              COL 5.80, LINE 4.80, LINES 2.00 CELLS, SIZE 42.00 CELLS,
              COLOR IS 5, FONT IS Arial12BI, ID IS 4, CENTER,
              LABEL-OFFSET 0,
              TITLE "Enter text into the space below,".
           03 Form1-Br-1ba, Bar,
              COL 4.40, LINE 3.60, SIZE 45.10 CELLS,
              COLOR IS 2, ID IS 5, WIDTH 2.
           03 Form1-Br-1aaa, Bar,
              COL 4.40, LINE 9.90, SIZE 45.10 CELLS,
              COLOR IS 2, ID IS 6, WIDTH 2.
           03 Form1-La-1aaa, Label,
              COL 5.30, LINE 6.80, LINES 2.00 CELLS, SIZE 42.00 CELLS,
              COLOR IS 5, FONT IS Arial12BI, ID IS 1, CENTER,
              LABEL-OFFSET 0,
              TITLE 'then click on the "Check Spelling" button'.
           03 SpellCheckerControl, @SpellChecker,
              COL 30.00, LINE 17.60, LINES 2.80 CELLS, SIZE 2.80 CELLS,
              ID IS 13,
              LICENSE-KEY "Copyright (c) 1998 POLAR", USE-ALT,
              USE-RETURN, USE-TAB, VISIBLE 0.
           03 Form1-Fr-1, Frame,
              COL 2.40, LINE 32.20, LINES 10.50 CELLS,
              SIZE 49.10 CELLS,
              ENGRAVED, ID IS 11, BACKGROUND-LOW.
           03 Form1-La-2, Label,
              COL 4.70, LINE 33.50, LINES 1.60 CELLS, SIZE 44.40 CELLS,
              ID IS 9, CENTER, LABEL-OFFSET 0,
              TITLE
              "We hope you like this demo of Polar Software's SpellCheck
      -       "er ActiveX Control.".
           03 Form1-La-2a, Label,
              COL 4.70, LINE 35.90, LINES 1.60 CELLS, SIZE 44.40 CELLS,
              ID IS 10, CENTER, LABEL-OFFSET 0,
              TITLE
              "To develop an application using this control, contact:".
           03 Form1-Ef-2, Entry-Field,
              COL 16.30, LINE 38.70, LINES 2.60 CELLS,
              SIZE 22.00 CELLS,
              3-D, COLOR IS 260, FONT IS Arial12BI, ID IS 8, CENTER,
              READ-ONLY, VALUE Form1-Ef-2-Value.
      *{Bench}end

      *{Bench}linkpara
       PROCEDURE DIVISION.
      *{Bench}end
      *{Bench}declarative
      *{Bench}end

       Acu-Main-Logic.
      *{Bench}entry-befprg
      *    Before-Program
      *{Bench}end
000005     PERFORM Acu-Initial-Routine
      * run main screen
      *{Bench}run-mainscr

C:\AcuSamples\Spell Checker\Source\SpellChecker.cbl Mon Jun 12 13:55:27 2017  ACUCOBOL-GT v10.1.1 Alpha (2017-06-08)  Page: 0031


000009     PERFORM Acu-DataEntryScreen-Routine
      *{Bench}end
00000D     PERFORM Acu-Exit-Rtn
           .

      *{Bench}copy-procedure
       COPY "showmsg.cpy".
      * showmsg.cpy

      * Copyright (C) 1999 Micro Focus. All rights reserved.

       Acu-Extended-File-Status.
000015     CALL "C$RERRNAME" USING Acu-Err-File
000020     CALL "C$RERR" USING Extend-Stat, Text-Message
00002F        MOVE Primary-Error TO Acu-Msg-Id
000036        PERFORM Acu-Show-Msg
           .
       Acu-Show-Msg.
00003E     MOVE SPACE TO Acu-Msg-1 Acu-Msg-2 Acu-Msg-3
00004E     EVALUATE Acu-Msg-Id
           WHEN 10
000058        MOVE "No more data."  TO Acu-Msg-1
000060        MOVE Mb-Default-Icon TO Acu-Icon-Type
000066        MOVE Mb-Ok TO Acu-Button-Type
           WHEN 22
000078        MOVE "Key duplication." TO Acu-Msg-1
000080        MOVE Mb-Error-Icon TO Acu-Icon-Type
000086        MOVE Mb-Ok TO Acu-Button-Type
           WHEN 23
000098        MOVE "Record not found." TO Acu-Msg-1
0000A0        MOVE Mb-Warning-Icon TO Acu-Icon-Type
0000A6        MOVE Mb-Ok TO Acu-Button-Type
           WHEN 101
0000B8        MOVE "Quit?" TO Acu-Msg-1
0000C0        MOVE 4 TO Acu-Icon-Type
0000C6        MOVE Mb-Yes-No TO Acu-Button-Type
           WHEN 201
0000D8        MOVE "Add Record?" TO Acu-Msg-1
0000E0        MOVE 4 TO Acu-Icon-Type
0000E6        MOVE Mb-Yes-No TO Acu-Button-Type
           WHEN 202
0000F8        MOVE "Update Record?" TO Acu-Msg-1
000100        MOVE 4 TO Acu-Icon-Type
000106        MOVE Mb-Yes-No TO Acu-Button-Type
           WHEN 203
000118        MOVE "Delete Record?" TO Acu-Msg-1
000120        MOVE 4 TO Acu-Icon-Type
000126        MOVE Mb-Yes-No TO Acu-Button-Type
           WHEN 204
000138        MOVE "Key duplication." TO Acu-Msg-1
000140        MOVE Mb-Warning-Icon TO Acu-Icon-Type
000146        MOVE Mb-Ok TO Acu-Button-Type
           WHEN 301
000158        MOVE "Add Successful." TO Acu-Msg-1
000160        MOVE Mb-Default-Icon TO Acu-Icon-Type
000166        MOVE Mb-Ok TO Acu-Button-Type
           WHEN 302

C:\AcuSamples\Spell Checker\Source\SpellChecker.cbl Mon Jun 12 13:55:27 2017  ACUCOBOL-GT v10.1.1 Alpha (2017-06-08)  Page: 0032


000178        MOVE "Update Successful." TO Acu-Msg-1
000180        MOVE Mb-Default-Icon TO Acu-Icon-Type
000186        MOVE Mb-Ok TO Acu-Button-Type
           WHEN 303
000198        MOVE "Delete Successful." TO Acu-Msg-1
0001A0        MOVE Mb-Default-Icon TO Acu-Icon-Type
0001A6        MOVE Mb-Ok TO Acu-Button-Type
           WHEN 401
0001B8        MOVE "Shell not found." TO Acu-Msg-1
0001C0        MOVE Mb-Error-Icon TO Acu-Icon-Type
0001C6        MOVE Mb-Ok TO Acu-Button-Type
      * user-defined message
           WHEN 901
0001D8        MOVE Mb-Warning-Icon TO Acu-Icon-Type
0001DE        MOVE Mb-Ok TO Acu-Button-Type
           WHEN OTHER
0001E7        MOVE Text-Message TO Acu-Msg-1
0001EF        STRING "File:" Acu-Err-File DELIMITED BY SPACE
                 INTO Acu-Msg-2
0001FD        STRING "File status ", Primary-Error "," Secondary-Error
                 DELIMITED BY SIZE INTO Acu-Msg-3
           END-EVALUATE
000214     PERFORM Acu-Message-Box
           .

       Acu-Message-Box.
00021C     MOVE 1 TO Acu-Text-Ptr
000222     IF Acu-Msg-1 NOT = SPACE
00022B        MOVE 0 TO Acu-Size
000230        INSPECT Acu-Msg-1 TALLYING Acu-Size FOR TRAILING SPACE
000241        STRING Acu-Msg-1( 1 : Acu-Length - Acu-Size )
                 DELIMITED BY SIZE
                 INTO Acu-Msg-Text, POINTER Acu-Text-Ptr
           END-IF

000260     IF Acu-Msg-2 NOT = SPACE
000269        MOVE 0 TO Acu-Size
00026E        INSPECT Acu-Msg-2 TALLYING Acu-Size FOR TRAILING SPACE
00027F        IF ACU-Text-Ptr > 1
000288           STRING X"0A" DELIMITED BY SIZE
                     INTO Acu-Msg-Text, POINTER Acu-Text-Ptr
              END-IF
000295        STRING Acu-Msg-2( 1 : Acu-Length - Acu-Size )
                  DELIMITED BY SIZE
                  INTO Acu-Msg-Text, POINTER Acu-Text-Ptr
           END-IF

0002B4     IF Acu-Msg-3 NOT = SPACE
0002BD        MOVE 0 TO Acu-Size
0002C2        INSPECT Acu-Msg-3 TALLYING Acu-Size FOR TRAILING SPACE
0002D3        IF Acu-Text-Ptr > 1
0002DC           STRING X"0A" DELIMITED BY SIZE
                     INTO Acu-Msg-Text, POINTER Acu-Text-Ptr
              END-IF
0002E9        STRING Acu-Msg-3( 1 : Acu-Length - Acu-Size )
                  DELIMITED BY SIZE
                  INTO Acu-Msg-Text, POINTER Acu-Text-Ptr

C:\AcuSamples\Spell Checker\Source\SpellChecker.cbl Mon Jun 12 13:55:27 2017  ACUCOBOL-GT v10.1.1 Alpha (2017-06-08)  Page: 0033


           END-IF

000308     IF Acu-Text-Ptr = 1
000311       MOVE 0 TO Acu-Size
000316       INSPECT Acu-Msg-Text TALLYING Acu-Size FOR TRAILING SPACE
000327       COMPUTE Acu-Text-Ptr = Acu-Full-Len - Acu-Size + 1
           END-IF
000333     MOVE Low-Values TO Acu-Msg-Text( Acu-Text-Ptr : 1 )

000342     DISPLAY MESSAGE BOX
              Acu-Msg-Text
              TYPE IS Acu-Button-Type
              ICON IS Acu-Icon-Type
              DEFAULT IS Acu-Default-Button
              RETURNING Acu-Return-Value
           .
       COPY "SpellChecker.prd".
      * SpellChecker.prd
      * SpellChecker.prd is generated from C:\AcuSamples\Spell Checker\SpellChecker.Psf
      * This is a generated file. DO NOT modify this file directly.

       Acu-Initial-Routine.
      *    Before-Init
      * get system information
000359     ACCEPT System-Information FROM System-Info
      * get terminal information
00035F     ACCEPT Terminal-Abilities FROM Terminal-Info
      * set font
000365     PERFORM Acu-Init-Font
      *    After-Init
           .

       Acu-Init-Font.
      * font setting
00036D     INITIALIZE WFONT-DATA Arial12BI
0003BB     MOVE 12 TO WFONT-SIZE
0003C1     MOVE "Arial" TO WFONT-NAME
0003C9     SET WFCHARSET-DEFAULT TO TRUE
0003CF     SET WFONT-BOLD TO TRUE
0003D5     SET WFONT-ITALIC TO TRUE
0003DB     SET WFONT-UNDERLINE TO FALSE
0003E0     SET WFONT-STRIKEOUT TO FALSE
0003E5     SET WFFAMILY-DONT-CARE TO TRUE
0003EA     SET WFONT-FIXED-PITCH TO FALSE
0003EF     CALL "W$FONT" USING WFONT-GET-FONT, Arial12BI, WFONT-DATA
           .

       Acu-Exit-Rtn.
      *    After-Program
000406     EXIT PROGRAM
000409     STOP RUN
           .

       Acu-DataEntryScreen-Routine.
      *    Before-Routine
000411     PERFORM Acu-DataEntryScreen-Scrn
000415     PERFORM Acu-DataEntryScreen-Proc

C:\AcuSamples\Spell Checker\Source\SpellChecker.cbl Mon Jun 12 13:55:27 2017  ACUCOBOL-GT v10.1.1 Alpha (2017-06-08)  Page: 0034


      *    After-Routine
           .

       Acu-DataEntryScreen-Scrn.
00041D     PERFORM Acu-DataEntryScreen-Create-Win
000421     PERFORM Acu-DataEntryScreen-Init-Data
           .

       Acu-DataEntryScreen-Create-Win.
      *    Before-Create
      * display screen
000429        DISPLAY Standard GRAPHICAL WINDOW
                 LINES 42.40, SIZE 51.90, CELL HEIGHT 10,
                 CELL WIDTH 10, AUTO-MINIMIZE, BIND TO THREAD,
                 COLOR IS 65793, ERASE, LABEL-OFFSET 0, MODELESS,
                 NO SCROLL, WITH SYSTEM MENU,
                 TITLE
                 "AcuCorp Workbench 5.0 ActiveX SpellChecker Sample",
                 TITLE-BAR, NO WRAP,
                 EVENT PROCEDURE Form1-Event-Proc,
                 HANDLE IS Form1-Handle
      * toolbar
000458     DISPLAY DataEntryScreen UPON Form1-Handle
000466     PERFORM DataEntryScreen-Aft-Create
           .

       Acu-DataEntryScreen-Init-Data.
      *    Before-Initdata
      *    After-Initdata
00046E     .
      * DataEntryScreen
       Acu-DataEntryScreen-Proc.
000472     PERFORM UNTIL Exit-Pushed
00047C        ACCEPT DataEntryScreen
00048E           ON EXCEPTION PERFORM Acu-DataEntryScreen-Evaluate-Func
              END-ACCEPT
           END-PERFORM
000495     DESTROY Form1-Handle
000499     INITIALIZE Key-Status
           .

      * DataEntryScreen
       Acu-DataEntryScreen-Evaluate-Func.
0004A2     EVALUATE TRUE
              WHEN Exit-Pushed
0004AC           PERFORM Acu-DataEntryScreen-Exit
              WHEN Event-Occurred
0004BC           IF Event-Type = Cmd-Close
0004C6              PERFORM Acu-DataEntryScreen-Exit
                 END-IF
           END-EVALUATE
0004CA     MOVE 1 TO Accept-Control
           .

       Acu-DataEntryScreen-Exit.
0004D4     SET Exit-Pushed TO TRUE
           .

C:\AcuSamples\Spell Checker\Source\SpellChecker.cbl Mon Jun 12 13:55:27 2017  ACUCOBOL-GT v10.1.1 Alpha (2017-06-08)  Page: 0035



       COPY "SpellChecker.evt".
      * SpellChecker.evt
      * SpellChecker.evt is generated from C:\AcuSamples\Spell Checker\SpellChecker.Psf
      * This is a generated file. DO NOT modify this file directly.


       Acu-DataEntryScreen-Event-Extra.
0004DE     EVALUATE Event-Type
           WHEN Msg-Close
0004E8        PERFORM Acu-DataEntryScreen-Msg-Close
           END-EVALUATE
           .

       Acu-DataEntryScreen-Msg-Close.
0004F0     ACCEPT Quit-Mode-Flag FROM ENVIRONMENT "QUIT_MODE"
0004F8     IF Quit-Mode-Flag = ZERO
000501        PERFORM Acu-DataEntryScreen-Exit
000505        PERFORM Acu-Exit-Rtn
           END-IF
           .

       Form1-Event-Proc.
      *
00050D     PERFORM Acu-DataEntryScreen-Event-Extra
           .

       SpellCheckButton-Exception-Proc.
      *
000515     IF Event-Occurred
00051F        EVALUATE Event-Type
              WHEN Cmd-Clicked
000529           PERFORM SpellCheckButton-Ex-Cmd-Clicked
              END-EVALUATE
           END-IF
           .

       ExitButton-Exception-Proc.
      *
000531     IF Event-Occurred
00053B        EVALUATE Event-Type
              WHEN Cmd-Clicked
000545           PERFORM ExitButton-Ex-Cmd-Clicked
              END-EVALUATE
           END-IF
           .
      ***   start event editor code   ***
      *
       ExitButton-Ex-Cmd-Clicked.
00054D     Modify SpellCheckerControl CloseDictionary().
00055A     PERFORM Acu-DataEntryScreen-Msg-Close.
      *
       SpellCheckButton-Ex-Cmd-Clicked.
000562     Inquire DataEntryField value in DataEntryField-Value.
00056D     Modify SpellCheckerControl CheckTextVBS(DataEntryField-Value)
                                          giving DataEntryField-Value.
000589     Modify DataEntryField value is DataEntryField-Value.

C:\AcuSamples\Spell Checker\Source\SpellChecker.cbl Mon Jun 12 13:55:27 2017  ACUCOBOL-GT v10.1.1 Alpha (2017-06-08)  Page: 0036


000597     Display Message Box "Spell Checking is Complete.".
      *
       DataEntryScreen-Aft-Create.
0005A3     Modify SpellCheckerControl
                  OpenDictionary("SpellUS.lex", " ").
      *
      *

      *{Bench}end
       REPORT-COMPOSER SECTION.

C:\AcuSamples\Spell Checker\Source\SpellChecker.cbl Mon Jun 12 13:55:27 2017  ACUCOBOL-GT v10.1.1 Alpha (2017-06-08)  Page: 0037


STATISTICS

Total Lines:        2003
# of Files:            0
# of Data Items:     919
# of Paragraphs:      23

Elapsed Time:        0.0 seconds
Lines/Minute:    12018000


Code Size:          1491 (0005D3)
Data Size:          3564 (000DEC)
Shared Data:          56 (000038)
Extra Segment:       502 (0001F6)
Thread Segment:       96 (000060)
Address Table:       360 (000168)
Program Size:       6069 (0017B5)

0 Error(s), 0 Warning(s)
